2026-08-03 11:12:29,141 INFO running /home/hj/anaconda3/envs/fedrag-test/bin/python src/federated/train_fedrag.py --config configs/federated/day10_seed7.yaml --variant flat --run-name day10_flat_s7
2026-08-03 11:12:31,124 INFO Loading student and frozen global teacher from models/bge-base-en-v1.5
2026-08-03 11:12:31,927 INFO ROUND 1 CLIENT 0 START
2026-08-03 11:13:10,034 INFO ROUND 1 CLIENT 0 END loss=0.653537 sec=37.9
2026-08-03 11:13:10,034 INFO ROUND 1 CLIENT 1 START
2026-08-03 11:13:48,264 INFO ROUND 1 CLIENT 1 END loss=0.652188 sec=38.2
2026-08-03 11:13:48,264 INFO ROUND 1 CLIENT 2 START
2026-08-03 11:14:25,780 INFO ROUND 1 CLIENT 2 END loss=0.648796 sec=37.5
2026-08-03 11:14:25,781 INFO ROUND 1 CLIENT 3 START
2026-08-03 11:15:03,638 INFO ROUND 1 CLIENT 3 END loss=0.649498 sec=37.9
2026-08-03 11:15:03,639 INFO ROUND 1 CLIENT 4 START
2026-08-03 11:15:41,311 INFO ROUND 1 CLIENT 4 END loss=0.648589 sec=37.7
2026-08-03 11:15:41,319 INFO ROUND 1 COMPLETE loss=0.650522 peak=1417.5MiB comm=11796480
2026-08-03 11:15:41,321 INFO ROUND 2 CLIENT 0 START
2026-08-03 11:16:18,892 INFO ROUND 2 CLIENT 0 END loss=0.643565 sec=37.6
2026-08-03 11:16:18,892 INFO ROUND 2 CLIENT 1 START
2026-08-03 11:16:56,890 INFO ROUND 2 CLIENT 1 END loss=0.642024 sec=38.0
2026-08-03 11:16:56,890 INFO ROUND 2 CLIENT 2 START
2026-08-03 11:17:34,672 INFO ROUND 2 CLIENT 2 END loss=0.637976 sec=37.8
2026-08-03 11:17:34,672 INFO ROUND 2 CLIENT 3 START
2026-08-03 11:18:12,761 WARNING FP16 overflow skipped client=3 round=2 batch=625
2026-08-03 11:18:12,764 INFO ROUND 2 CLIENT 3 END loss=0.641518 sec=38.1
2026-08-03 11:18:12,764 INFO ROUND 2 CLIENT 4 START
2026-08-03 11:18:51,128 WARNING FP16 overflow skipped client=4 round=2 batch=624
2026-08-03 11:18:51,131 INFO ROUND 2 CLIENT 4 END loss=0.640828 sec=38.4
2026-08-03 11:18:51,142 INFO ROUND 2 COMPLETE loss=0.641183 peak=1413.6MiB comm=11796480
2026-08-03 11:18:51,144 INFO ROUND 3 CLIENT 0 START
2026-08-03 11:19:28,871 INFO ROUND 3 CLIENT 0 END loss=0.634081 sec=37.7
2026-08-03 11:19:28,871 INFO ROUND 3 CLIENT 1 START
2026-08-03 11:20:07,257 INFO ROUND 3 CLIENT 1 END loss=0.635648 sec=38.4
2026-08-03 11:20:07,257 INFO ROUND 3 CLIENT 2 START
2026-08-03 11:20:45,539 INFO ROUND 3 CLIENT 2 END loss=0.629353 sec=38.3
2026-08-03 11:20:45,539 INFO ROUND 3 CLIENT 3 START
2026-08-03 11:21:23,835 INFO ROUND 3 CLIENT 3 END loss=0.633411 sec=38.3
2026-08-03 11:21:23,836 INFO ROUND 3 CLIENT 4 START
2026-08-03 11:22:02,355 INFO ROUND 3 CLIENT 4 END loss=0.629709 sec=38.5
2026-08-03 11:22:02,363 INFO ROUND 3 COMPLETE loss=0.632442 peak=1419.8MiB comm=11796480
2026-08-03 11:22:02,365 INFO ROUND 4 CLIENT 0 START
2026-08-03 11:22:40,225 INFO ROUND 4 CLIENT 0 END loss=0.627377 sec=37.9
2026-08-03 11:22:40,225 INFO ROUND 4 CLIENT 1 START
2026-08-03 11:22:49,132 WARNING FP16 overflow skipped client=1 round=4 batch=143
2026-08-03 11:23:18,629 INFO ROUND 4 CLIENT 1 END loss=0.624247 sec=38.4
2026-08-03 11:23:18,629 INFO ROUND 4 CLIENT 2 START
2026-08-03 11:23:57,126 INFO ROUND 4 CLIENT 2 END loss=0.617328 sec=38.5
2026-08-03 11:23:57,126 INFO ROUND 4 CLIENT 3 START
2026-08-03 11:23:57,634 WARNING FP16 overflow skipped client=3 round=4 batch=7
2026-08-03 11:24:34,994 INFO ROUND 4 CLIENT 3 END loss=0.624608 sec=37.9
2026-08-03 11:24:34,995 INFO ROUND 4 CLIENT 4 START
2026-08-03 11:25:13,509 INFO ROUND 4 CLIENT 4 END loss=0.621978 sec=38.5
2026-08-03 11:25:13,517 INFO ROUND 4 COMPLETE loss=0.623108 peak=1424.9MiB comm=11796480
2026-08-03 11:25:13,519 INFO ROUND 5 CLIENT 0 START
2026-08-03 11:25:52,092 INFO ROUND 5 CLIENT 0 END loss=0.618097 sec=38.6
2026-08-03 11:25:52,092 INFO ROUND 5 CLIENT 1 START
2026-08-03 11:25:52,547 WARNING FP16 overflow skipped client=1 round=5 batch=7
2026-08-03 11:26:30,387 INFO ROUND 5 CLIENT 1 END loss=0.613459 sec=38.3
2026-08-03 11:26:30,387 INFO ROUND 5 CLIENT 2 START
2026-08-03 11:27:08,622 INFO ROUND 5 CLIENT 2 END loss=0.611558 sec=38.2
2026-08-03 11:27:08,622 INFO ROUND 5 CLIENT 3 START
2026-08-03 11:27:46,719 WARNING FP16 overflow skipped client=3 round=5 batch=625
2026-08-03 11:27:46,722 INFO ROUND 5 CLIENT 3 END loss=0.619198 sec=38.1
2026-08-03 11:27:46,723 INFO ROUND 5 CLIENT 4 START
2026-08-03 11:28:24,360 INFO ROUND 5 CLIENT 4 END loss=0.613578 sec=37.6
2026-08-03 11:28:24,368 INFO ROUND 5 COMPLETE loss=0.615179 peak=1418.6MiB comm=11796480
2026-08-03 11:28:24,370 INFO ROUND 6 CLIENT 0 START
2026-08-03 11:29:02,312 INFO ROUND 6 CLIENT 0 END loss=0.610584 sec=37.9
2026-08-03 11:29:02,312 INFO ROUND 6 CLIENT 1 START
2026-08-03 11:29:22,556 WARNING FP16 overflow skipped client=1 round=6 batch=331
2026-08-03 11:29:40,688 INFO ROUND 6 CLIENT 1 END loss=0.605709 sec=38.4
2026-08-03 11:29:40,688 INFO ROUND 6 CLIENT 2 START
2026-08-03 11:29:41,634 WARNING FP16 overflow skipped client=2 round=6 batch=15
2026-08-03 11:30:18,868 INFO ROUND 6 CLIENT 2 END loss=0.601081 sec=38.2
2026-08-03 11:30:18,868 INFO ROUND 6 CLIENT 3 START
2026-08-03 11:30:57,267 WARNING FP16 overflow skipped client=3 round=6 batch=625
2026-08-03 11:30:57,272 INFO ROUND 6 CLIENT 3 END loss=0.609262 sec=38.4
2026-08-03 11:30:57,272 INFO ROUND 6 CLIENT 4 START
2026-08-03 11:31:04,910 WARNING FP16 overflow skipped client=4 round=6 batch=127
2026-08-03 11:31:35,574 INFO ROUND 6 CLIENT 4 END loss=0.604530 sec=38.3
2026-08-03 11:31:35,582 INFO ROUND 6 COMPLETE loss=0.606234 peak=1417.5MiB comm=11796480
2026-08-03 11:31:35,584 INFO ROUND 7 CLIENT 0 START
2026-08-03 11:31:48,363 WARNING FP16 overflow skipped client=0 round=7 batch=215
2026-08-03 11:32:13,202 INFO ROUND 7 CLIENT 0 END loss=0.607281 sec=37.6
2026-08-03 11:32:13,202 INFO ROUND 7 CLIENT 1 START
2026-08-03 11:32:15,429 WARNING FP16 overflow skipped client=1 round=7 batch=35
2026-08-03 11:32:51,797 INFO ROUND 7 CLIENT 1 END loss=0.604875 sec=38.6
2026-08-03 11:32:51,797 INFO ROUND 7 CLIENT 2 START
2026-08-03 11:32:55,826 WARNING FP16 overflow skipped client=2 round=7 batch=63
2026-08-03 11:33:30,092 INFO ROUND 7 CLIENT 2 END loss=0.598386 sec=38.3
2026-08-03 11:33:30,092 INFO ROUND 7 CLIENT 3 START
2026-08-03 11:33:31,992 WARNING FP16 overflow skipped client=3 round=7 batch=31
2026-08-03 11:34:08,192 INFO ROUND 7 CLIENT 3 END loss=0.605169 sec=38.1
2026-08-03 11:34:08,193 INFO ROUND 7 CLIENT 4 START
2026-08-03 11:34:20,233 WARNING FP16 overflow skipped client=4 round=7 batch=195
2026-08-03 11:34:46,299 INFO ROUND 7 CLIENT 4 END loss=0.596262 sec=38.1
2026-08-03 11:34:46,308 INFO ROUND 7 COMPLETE loss=0.602397 peak=1423.7MiB comm=11796480
2026-08-03 11:34:46,310 INFO ROUND 8 CLIENT 0 START
2026-08-03 11:34:46,558 WARNING FP16 overflow skipped client=0 round=8 batch=3
2026-08-03 11:35:24,494 INFO ROUND 8 CLIENT 0 END loss=0.604167 sec=38.2
2026-08-03 11:35:24,494 INFO ROUND 8 CLIENT 1 START
2026-08-03 11:35:33,681 WARNING FP16 overflow skipped client=1 round=8 batch=155
2026-08-03 11:36:01,997 INFO ROUND 8 CLIENT 1 END loss=0.600284 sec=37.5
2026-08-03 11:36:01,997 INFO ROUND 8 CLIENT 2 START
2026-08-03 11:36:04,046 WARNING FP16 overflow skipped client=2 round=8 batch=35
2026-08-03 11:36:38,996 INFO ROUND 8 CLIENT 2 END loss=0.597553 sec=37.0
2026-08-03 11:36:38,996 INFO ROUND 8 CLIENT 3 START
2026-08-03 11:36:39,247 WARNING FP16 overflow skipped client=3 round=8 batch=3
2026-08-03 11:37:16,601 INFO ROUND 8 CLIENT 3 END loss=0.601473 sec=37.6
2026-08-03 11:37:16,601 INFO ROUND 8 CLIENT 4 START
2026-08-03 11:37:28,256 WARNING FP16 overflow skipped client=4 round=8 batch=195
2026-08-03 11:37:54,776 WARNING FP16 overflow skipped client=4 round=8 batch=624
2026-08-03 11:37:54,778 INFO ROUND 8 CLIENT 4 END loss=0.594098 sec=38.2
2026-08-03 11:37:54,786 INFO ROUND 8 COMPLETE loss=0.599516 peak=1416.9MiB comm=11796480
2026-08-03 11:37:54,788 INFO ROUND 9 CLIENT 0 START
2026-08-03 11:37:56,299 WARNING FP16 overflow skipped client=0 round=9 batch=23
2026-08-03 11:38:32,716 INFO ROUND 9 CLIENT 0 END loss=0.598229 sec=37.9
2026-08-03 11:38:32,716 INFO ROUND 9 CLIENT 1 START
2026-08-03 11:38:33,735 WARNING FP16 overflow skipped client=1 round=9 batch=15
2026-08-03 11:39:11,370 INFO ROUND 9 CLIENT 1 END loss=0.601957 sec=38.7
2026-08-03 11:39:11,370 INFO ROUND 9 CLIENT 2 START
2026-08-03 11:39:11,620 WARNING FP16 overflow skipped client=2 round=9 batch=3
2026-08-03 11:39:49,031 INFO ROUND 9 CLIENT 2 END loss=0.594193 sec=37.7
2026-08-03 11:39:49,031 INFO ROUND 9 CLIENT 3 START
2026-08-03 11:39:51,270 WARNING FP16 overflow skipped client=3 round=9 batch=35
2026-08-03 11:40:26,913 INFO ROUND 9 CLIENT 3 END loss=0.605973 sec=37.9
2026-08-03 11:40:26,914 INFO ROUND 9 CLIENT 4 START
2026-08-03 11:40:27,372 WARNING FP16 overflow skipped client=4 round=9 batch=7
2026-08-03 11:41:04,755 WARNING FP16 overflow skipped client=4 round=9 batch=624
2026-08-03 11:41:04,758 INFO ROUND 9 CLIENT 4 END loss=0.597040 sec=37.8
2026-08-03 11:41:04,768 INFO ROUND 9 COMPLETE loss=0.599480 peak=1424.9MiB comm=11796480
2026-08-03 11:41:04,770 INFO ROUND 10 CLIENT 0 START
2026-08-03 11:41:07,434 WARNING FP16 overflow skipped client=0 round=10 batch=43
2026-08-03 11:41:43,101 INFO ROUND 10 CLIENT 0 END loss=0.601018 sec=38.3
2026-08-03 11:41:43,101 INFO ROUND 10 CLIENT 1 START
2026-08-03 11:41:46,585 WARNING FP16 overflow skipped client=1 round=10 batch=55
2026-08-03 11:42:21,061 INFO ROUND 10 CLIENT 1 END loss=0.592815 sec=38.0
2026-08-03 11:42:21,062 INFO ROUND 10 CLIENT 2 START
2026-08-03 11:42:22,233 WARNING FP16 overflow skipped client=2 round=10 batch=19
2026-08-03 11:42:59,202 INFO ROUND 10 CLIENT 2 END loss=0.590837 sec=38.1
2026-08-03 11:42:59,202 INFO ROUND 10 CLIENT 3 START
2026-08-03 11:42:59,444 WARNING FP16 overflow skipped client=3 round=10 batch=3
2026-08-03 11:43:37,459 INFO ROUND 10 CLIENT 3 END loss=0.598029 sec=38.3
2026-08-03 11:43:37,460 INFO ROUND 10 CLIENT 4 START
2026-08-03 11:43:37,714 WARNING FP16 overflow skipped client=4 round=10 batch=3
2026-08-03 11:44:15,895 WARNING FP16 overflow skipped client=4 round=10 batch=624
2026-08-03 11:44:15,897 INFO ROUND 10 CLIENT 4 END loss=0.591524 sec=38.4
2026-08-03 11:44:15,904 INFO ROUND 10 COMPLETE loss=0.594845 peak=1416.9MiB comm=11796480
2026-08-03 11:44:15,905 INFO TRAINING COMPLETE audit=True
2026-08-03 11:44:16,308 INFO running /home/hj/anaconda3/envs/fedrag-test/bin/python src/federated/train_fedrag.py --config configs/federated/day10_seed7.yaml --variant predicted_structure --run-name day10_unitable_s7
2026-08-03 11:44:18,541 INFO Loading student and frozen global teacher from models/bge-base-en-v1.5
2026-08-03 11:44:19,313 INFO ROUND 1 CLIENT 0 START
2026-08-03 11:44:57,204 INFO ROUND 1 CLIENT 0 END loss=0.664832 sec=37.7
2026-08-03 11:44:57,204 INFO ROUND 1 CLIENT 1 START
2026-08-03 11:45:35,320 INFO ROUND 1 CLIENT 1 END loss=0.657596 sec=38.1
2026-08-03 11:45:35,320 INFO ROUND 1 CLIENT 2 START
2026-08-03 11:46:13,098 INFO ROUND 1 CLIENT 2 END loss=0.658140 sec=37.8
2026-08-03 11:46:13,098 INFO ROUND 1 CLIENT 3 START
2026-08-03 11:46:50,458 INFO ROUND 1 CLIENT 3 END loss=0.657378 sec=37.4
2026-08-03 11:46:50,458 INFO ROUND 1 CLIENT 4 START
2026-08-03 11:46:54,704 WARNING FP16 overflow skipped client=4 round=1 batch=71
2026-08-03 11:47:28,038 INFO ROUND 1 CLIENT 4 END loss=0.655953 sec=37.6
2026-08-03 11:47:28,046 INFO ROUND 1 COMPLETE loss=0.658780 peak=1413.6MiB comm=11796480
2026-08-03 11:47:28,048 INFO ROUND 2 CLIENT 0 START
2026-08-03 11:48:06,220 INFO ROUND 2 CLIENT 0 END loss=0.653691 sec=38.2
2026-08-03 11:48:06,220 INFO ROUND 2 CLIENT 1 START
2026-08-03 11:48:06,484 WARNING FP16 overflow skipped client=1 round=2 batch=3
2026-08-03 11:48:44,982 INFO ROUND 2 CLIENT 1 END loss=0.646893 sec=38.8
2026-08-03 11:48:44,982 INFO ROUND 2 CLIENT 2 START
2026-08-03 11:49:22,847 INFO ROUND 2 CLIENT 2 END loss=0.647897 sec=37.9
2026-08-03 11:49:22,847 INFO ROUND 2 CLIENT 3 START
2026-08-03 11:50:00,796 INFO ROUND 2 CLIENT 3 END loss=0.648061 sec=37.9
2026-08-03 11:50:00,797 INFO ROUND 2 CLIENT 4 START
2026-08-03 11:50:38,780 WARNING FP16 overflow skipped client=4 round=2 batch=624
2026-08-03 11:50:38,782 INFO ROUND 2 CLIENT 4 END loss=0.645151 sec=38.0
2026-08-03 11:50:38,790 INFO ROUND 2 COMPLETE loss=0.648339 peak=1413.6MiB comm=11796480
2026-08-03 11:50:38,792 INFO ROUND 3 CLIENT 0 START
2026-08-03 11:51:16,400 INFO ROUND 3 CLIENT 0 END loss=0.644830 sec=37.6
2026-08-03 11:51:16,400 INFO ROUND 3 CLIENT 1 START
2026-08-03 11:51:54,331 INFO ROUND 3 CLIENT 1 END loss=0.638394 sec=37.9
2026-08-03 11:51:54,331 INFO ROUND 3 CLIENT 2 START
2026-08-03 11:52:31,789 INFO ROUND 3 CLIENT 2 END loss=0.638085 sec=37.5
2026-08-03 11:52:31,789 INFO ROUND 3 CLIENT 3 START
2026-08-03 11:53:09,588 INFO ROUND 3 CLIENT 3 END loss=0.641052 sec=37.8
2026-08-03 11:53:09,589 INFO ROUND 3 CLIENT 4 START
2026-08-03 11:53:09,833 WARNING FP16 overflow skipped client=4 round=3 batch=3
2026-08-03 11:53:48,265 INFO ROUND 3 CLIENT 4 END loss=0.635146 sec=38.7
2026-08-03 11:53:48,273 INFO ROUND 3 COMPLETE loss=0.639502 peak=1413.6MiB comm=11796480
2026-08-03 11:53:48,275 INFO ROUND 4 CLIENT 0 START
2026-08-03 11:53:51,868 WARNING FP16 overflow skipped client=0 round=4 batch=59
2026-08-03 11:54:26,410 INFO ROUND 4 CLIENT 0 END loss=0.635540 sec=38.1
2026-08-03 11:54:26,410 INFO ROUND 4 CLIENT 1 START
2026-08-03 11:54:57,178 WARNING FP16 overflow skipped client=1 round=4 batch=511
2026-08-03 11:55:03,899 INFO ROUND 4 CLIENT 1 END loss=0.626884 sec=37.5
2026-08-03 11:55:03,900 INFO ROUND 4 CLIENT 2 START
2026-08-03 11:55:41,215 INFO ROUND 4 CLIENT 2 END loss=0.626755 sec=37.3
2026-08-03 11:55:41,215 INFO ROUND 4 CLIENT 3 START
2026-08-03 11:56:18,217 WARNING FP16 overflow skipped client=3 round=4 batch=625
2026-08-03 11:56:18,220 INFO ROUND 4 CLIENT 3 END loss=0.630433 sec=37.0
2026-08-03 11:56:18,220 INFO ROUND 4 CLIENT 4 START
2026-08-03 11:56:56,009 INFO ROUND 4 CLIENT 4 END loss=0.624973 sec=37.8
2026-08-03 11:56:56,017 INFO ROUND 4 COMPLETE loss=0.628918 peak=1418.6MiB comm=11796480
2026-08-03 11:56:56,019 INFO ROUND 5 CLIENT 0 START
2026-08-03 11:57:20,945 WARNING FP16 overflow skipped client=0 round=5 batch=415
2026-08-03 11:57:33,540 INFO ROUND 5 CLIENT 0 END loss=0.626610 sec=37.5
2026-08-03 11:57:33,540 INFO ROUND 5 CLIENT 1 START
2026-08-03 11:57:59,018 WARNING FP16 overflow skipped client=1 round=5 batch=427
2026-08-03 11:58:11,008 INFO ROUND 5 CLIENT 1 END loss=0.615302 sec=37.5
2026-08-03 11:58:11,008 INFO ROUND 5 CLIENT 2 START
2026-08-03 11:58:44,842 WARNING FP16 overflow skipped client=2 round=5 batch=559
2026-08-03 11:58:48,855 INFO ROUND 5 CLIENT 2 END loss=0.619588 sec=37.8
2026-08-03 11:58:48,855 INFO ROUND 5 CLIENT 3 START
2026-08-03 11:58:50,773 WARNING FP16 overflow skipped client=3 round=5 batch=31
2026-08-03 11:59:26,279 INFO ROUND 5 CLIENT 3 END loss=0.622412 sec=37.4
2026-08-03 11:59:26,279 INFO ROUND 5 CLIENT 4 START
2026-08-03 11:59:35,447 WARNING FP16 overflow skipped client=4 round=5 batch=147
2026-08-03 12:00:03,953 INFO ROUND 5 CLIENT 4 END loss=0.616053 sec=37.7
2026-08-03 12:00:03,964 INFO ROUND 5 COMPLETE loss=0.619993 peak=1414.7MiB comm=11796480
2026-08-03 12:00:03,966 INFO ROUND 6 CLIENT 0 START
2026-08-03 12:00:14,749 WARNING FP16 overflow skipped client=0 round=6 batch=179
2026-08-03 12:00:41,685 INFO ROUND 6 CLIENT 0 END loss=0.622960 sec=37.7
2026-08-03 12:00:41,686 INFO ROUND 6 CLIENT 1 START
2026-08-03 12:00:44,931 WARNING FP16 overflow skipped client=1 round=6 batch=55
2026-08-03 12:01:19,478 INFO ROUND 6 CLIENT 1 END loss=0.612475 sec=37.8
2026-08-03 12:01:19,478 INFO ROUND 6 CLIENT 2 START
2026-08-03 12:01:27,737 WARNING FP16 overflow skipped client=2 round=6 batch=135
2026-08-03 12:01:56,721 INFO ROUND 6 CLIENT 2 END loss=0.613989 sec=37.2
2026-08-03 12:01:56,721 INFO ROUND 6 CLIENT 3 START
2026-08-03 12:02:02,239 WARNING FP16 overflow skipped client=3 round=6 batch=91
2026-08-03 12:02:34,235 INFO ROUND 6 CLIENT 3 END loss=0.617872 sec=37.5
2026-08-03 12:02:34,235 INFO ROUND 6 CLIENT 4 START
2026-08-03 12:02:36,107 WARNING FP16 overflow skipped client=4 round=6 batch=31
2026-08-03 12:03:11,658 INFO ROUND 6 CLIENT 4 END loss=0.609684 sec=37.4
2026-08-03 12:03:11,666 INFO ROUND 6 COMPLETE loss=0.615397 peak=1414.7MiB comm=11796480
2026-08-03 12:03:11,669 INFO ROUND 7 CLIENT 0 START
2026-08-03 12:03:12,132 WARNING FP16 overflow skipped client=0 round=7 batch=7
2026-08-03 12:03:48,699 INFO ROUND 7 CLIENT 0 END loss=0.619012 sec=37.0
2026-08-03 12:03:48,699 INFO ROUND 7 CLIENT 1 START
2026-08-03 12:03:50,861 WARNING FP16 overflow skipped client=1 round=7 batch=35
2026-08-03 12:04:26,809 INFO ROUND 7 CLIENT 1 END loss=0.610624 sec=38.1
2026-08-03 12:04:26,809 INFO ROUND 7 CLIENT 2 START
2026-08-03 12:04:27,730 WARNING FP16 overflow skipped client=2 round=7 batch=15
2026-08-03 12:05:03,636 INFO ROUND 7 CLIENT 2 END loss=0.612106 sec=36.8
2026-08-03 12:05:03,636 INFO ROUND 7 CLIENT 3 START
2026-08-03 12:05:03,857 WARNING FP16 overflow skipped client=3 round=7 batch=3
2026-08-03 12:05:41,433 INFO ROUND 7 CLIENT 3 END loss=0.617902 sec=37.8
2026-08-03 12:05:41,434 INFO ROUND 7 CLIENT 4 START
2026-08-03 12:05:45,258 WARNING FP16 overflow skipped client=4 round=7 batch=63
2026-08-03 12:06:19,007 INFO ROUND 7 CLIENT 4 END loss=0.608040 sec=37.6
2026-08-03 12:06:19,015 INFO ROUND 7 COMPLETE loss=0.613538 peak=1414.7MiB comm=11796480
2026-08-03 12:06:19,017 INFO ROUND 8 CLIENT 0 START
2026-08-03 12:06:19,741 WARNING FP16 overflow skipped client=0 round=8 batch=11
2026-08-03 12:06:56,692 INFO ROUND 8 CLIENT 0 END loss=0.622133 sec=37.7
2026-08-03 12:06:56,692 INFO ROUND 8 CLIENT 1 START
2026-08-03 12:06:57,438 WARNING FP16 overflow skipped client=1 round=8 batch=11
2026-08-03 12:07:34,604 INFO ROUND 8 CLIENT 1 END loss=0.610790 sec=37.9
2026-08-03 12:07:34,604 INFO ROUND 8 CLIENT 2 START
2026-08-03 12:07:36,814 WARNING FP16 overflow skipped client=2 round=8 batch=35
2026-08-03 12:08:12,712 INFO ROUND 8 CLIENT 2 END loss=0.615184 sec=38.1
2026-08-03 12:08:12,713 INFO ROUND 8 CLIENT 3 START
2026-08-03 12:08:12,948 WARNING FP16 overflow skipped client=3 round=8 batch=3
2026-08-03 12:08:50,862 INFO ROUND 8 CLIENT 3 END loss=0.616179 sec=38.1
2026-08-03 12:08:50,862 INFO ROUND 8 CLIENT 4 START
2026-08-03 12:08:51,790 WARNING FP16 overflow skipped client=4 round=8 batch=15
2026-08-03 12:09:28,713 INFO ROUND 8 CLIENT 4 END loss=0.603313 sec=37.8
2026-08-03 12:09:28,721 INFO ROUND 8 COMPLETE loss=0.613521 peak=1414.7MiB comm=11796480
2026-08-03 12:09:28,724 INFO ROUND 9 CLIENT 0 START
2026-08-03 12:09:28,976 WARNING FP16 overflow skipped client=0 round=9 batch=3
2026-08-03 12:10:06,231 INFO ROUND 9 CLIENT 0 END loss=0.626351 sec=37.5
2026-08-03 12:10:06,231 INFO ROUND 9 CLIENT 1 START
2026-08-03 12:10:07,146 WARNING FP16 overflow skipped client=1 round=9 batch=15
2026-08-03 12:10:43,767 WARNING FP16 overflow skipped client=1 round=9 batch=625
2026-08-03 12:10:43,770 INFO ROUND 9 CLIENT 1 END loss=0.607588 sec=37.5
2026-08-03 12:10:43,770 INFO ROUND 9 CLIENT 2 START
2026-08-03 12:10:45,399 WARNING FP16 overflow skipped client=2 round=9 batch=27
2026-08-03 12:11:21,252 INFO ROUND 9 CLIENT 2 END loss=0.614801 sec=37.5
2026-08-03 12:11:21,252 INFO ROUND 9 CLIENT 3 START
2026-08-03 12:11:23,136 WARNING FP16 overflow skipped client=3 round=9 batch=31
2026-08-03 12:11:59,611 INFO ROUND 9 CLIENT 3 END loss=0.619933 sec=38.4
2026-08-03 12:11:59,612 INFO ROUND 9 CLIENT 4 START
2026-08-03 12:11:59,858 WARNING FP16 overflow skipped client=4 round=9 batch=3
2026-08-03 12:12:37,317 INFO ROUND 9 CLIENT 4 END loss=0.606693 sec=37.7
2026-08-03 12:12:37,322 INFO ROUND 9 COMPLETE loss=0.615074 peak=1424.9MiB comm=11796480
2026-08-03 12:12:37,324 INFO ROUND 10 CLIENT 0 START
2026-08-03 12:12:37,566 WARNING FP16 overflow skipped client=0 round=10 batch=3
2026-08-03 12:13:15,177 INFO ROUND 10 CLIENT 0 END loss=0.629638 sec=37.9
2026-08-03 12:13:15,178 INFO ROUND 10 CLIENT 1 START
2026-08-03 12:13:15,415 WARNING FP16 overflow skipped client=1 round=10 batch=3
2026-08-03 12:13:53,272 INFO ROUND 10 CLIENT 1 END loss=0.610312 sec=38.1
2026-08-03 12:13:53,273 INFO ROUND 10 CLIENT 2 START
2026-08-03 12:13:53,989 WARNING FP16 overflow skipped client=2 round=10 batch=11
2026-08-03 12:14:31,213 INFO ROUND 10 CLIENT 2 END loss=0.611534 sec=37.9
2026-08-03 12:14:31,213 INFO ROUND 10 CLIENT 3 START
2026-08-03 12:14:31,948 WARNING FP16 overflow skipped client=3 round=10 batch=11
2026-08-03 12:15:09,010 INFO ROUND 10 CLIENT 3 END loss=0.621721 sec=37.8
2026-08-03 12:15:09,010 INFO ROUND 10 CLIENT 4 START
2026-08-03 12:15:10,301 WARNING FP16 overflow skipped client=4 round=10 batch=19
2026-08-03 12:15:46,938 INFO ROUND 10 CLIENT 4 END loss=0.618418 sec=37.9
2026-08-03 12:15:46,943 INFO ROUND 10 COMPLETE loss=0.618324 peak=1414.7MiB comm=11796480
2026-08-03 12:15:46,944 INFO TRAINING COMPLETE audit=True
2026-08-03 12:15:47,390 INFO running /home/hj/anaconda3/envs/fedrag-test/bin/python src/federated/train_fedtabrag.py --config configs/federated/day10_seed7.yaml --features hierarchy,hard_negative,hierarchical_kd,local_queue --run-name day10_r_plus_u_s7 --stage full --rounds 10 --queue-size 128 --learning-rate 1e-5 --select-by dev_weighted_ndcg --aggregation r_plus_u --aggregation-min-weight 0.05 --aggregation-max-weight 0.5
2026-08-03 12:17:45,753 INFO round=1 client=0 loss=3.89144 table=4.50997 row=4.15823 cell=3.14148 hard=0.15706
2026-08-03 12:19:34,898 INFO round=1 client=1 loss=3.81715 table=4.47359 row=4.16363 cell=3.01112 hard=0.15602
2026-08-03 12:21:22,333 INFO round=1 client=2 loss=3.86190 table=4.49597 row=3.98174 cell=2.97328 hard=0.14972
2026-08-03 12:23:09,873 INFO round=1 client=3 loss=3.90303 table=4.47955 row=3.94884 cell=2.97285 hard=0.15252
2026-08-03 12:24:59,925 INFO round=1 client=4 loss=3.89074 table=4.50975 row=4.20430 cell=3.10944 hard=0.16278
2026-08-03 12:28:10,218 INFO round=2 client=0 loss=3.88128 table=4.50500 row=4.17369 cell=3.14914 hard=0.15986
2026-08-03 12:30:00,058 INFO round=2 client=1 loss=3.82140 table=4.46934 row=4.16676 cell=3.00540 hard=0.15714
2026-08-03 12:31:48,774 INFO round=2 client=2 loss=3.87082 table=4.50358 row=3.99948 cell=2.97337 hard=0.15274
2026-08-03 12:33:37,200 INFO round=2 client=3 loss=3.88489 table=4.47837 row=3.97595 cell=2.97865 hard=0.15511
2026-08-03 12:35:27,679 INFO round=2 client=4 loss=3.89901 table=4.50634 row=4.21127 cell=3.13046 hard=0.16136
2026-08-03 12:38:37,917 INFO round=3 client=0 loss=3.89653 table=4.50205 row=4.14123 cell=3.12042 hard=0.15868
2026-08-03 12:40:27,795 INFO round=3 client=1 loss=3.82140 table=4.47658 row=4.10513 cell=2.97239 hard=0.15655
2026-08-03 12:42:16,551 INFO round=3 client=2 loss=3.86710 table=4.50294 row=4.00377 cell=2.98047 hard=0.15197
2026-08-03 12:44:04,111 INFO round=3 client=3 loss=3.88485 table=4.47387 row=3.93073 cell=2.95281 hard=0.15687
2026-08-03 12:45:54,614 INFO round=3 client=4 loss=3.89370 table=4.52930 row=4.21597 cell=3.11926 hard=0.15892
2026-08-03 12:49:05,042 INFO round=4 client=0 loss=3.90596 table=4.51746 row=4.14961 cell=3.14436 hard=0.16186
2026-08-03 12:50:54,723 INFO round=4 client=1 loss=3.83753 table=4.48221 row=4.12265 cell=2.97042 hard=0.16042
2026-08-03 12:52:43,197 INFO round=4 client=2 loss=3.88472 table=4.51333 row=4.00019 cell=2.98519 hard=0.15578
2026-08-03 12:54:30,426 INFO round=4 client=3 loss=3.91076 table=4.47387 row=3.94758 cell=2.96024 hard=0.15825
2026-08-03 12:56:20,232 INFO round=4 client=4 loss=3.88674 table=4.51545 row=4.19638 cell=3.10709 hard=0.16230
2026-08-03 12:59:30,825 INFO round=5 client=0 loss=3.88715 table=4.50181 row=4.19472 cell=3.16169 hard=0.16303
2026-08-03 13:01:20,532 INFO round=5 client=1 loss=3.82718 table=4.47425 row=4.14755 cell=2.98718 hard=0.15894
2026-08-03 13:03:08,543 INFO round=5 client=2 loss=3.88208 table=4.49749 row=3.97321 cell=2.96929 hard=0.15608
2026-08-03 13:04:55,593 INFO round=5 client=3 loss=3.89595 table=4.47706 row=3.93251 cell=2.95437 hard=0.15720
2026-08-03 13:06:45,886 INFO round=5 client=4 loss=3.89611 table=4.51853 row=4.24397 cell=3.14365 hard=0.16366
2026-08-03 13:09:54,369 INFO round=6 client=0 loss=3.89182 table=4.50473 row=4.14539 cell=3.12872 hard=0.16156
2026-08-03 13:11:42,928 INFO round=6 client=1 loss=3.84480 table=4.47931 row=4.01976 cell=2.91144 hard=0.15927
2026-08-03 13:13:31,178 INFO round=6 client=2 loss=3.87408 table=4.49723 row=3.96925 cell=2.94690 hard=0.15453
2026-08-03 13:15:18,233 INFO round=6 client=3 loss=3.90187 table=4.48902 row=3.96369 cell=2.96479 hard=0.15980
2026-08-03 13:17:08,916 INFO round=6 client=4 loss=3.88346 table=4.51212 row=4.23476 cell=3.13773 hard=0.16232
2026-08-03 13:20:19,844 INFO round=7 client=0 loss=3.88754 table=4.49762 row=4.21337 cell=3.17845 hard=0.16183
2026-08-03 13:22:09,507 INFO round=7 client=1 loss=3.82363 table=4.47312 row=4.18309 cell=3.01340 hard=0.15774
2026-08-03 13:23:58,851 INFO round=7 client=2 loss=3.85759 table=4.50538 row=4.09001 cell=3.04371 hard=0.15203
2026-08-03 13:25:46,546 INFO round=7 client=3 loss=3.89226 table=4.47587 row=3.99564 cell=2.98471 hard=0.15981
2026-08-03 13:27:37,315 INFO round=7 client=4 loss=3.88434 table=4.51126 row=4.18323 cell=3.09541 hard=0.15963
2026-08-03 13:30:47,655 INFO round=8 client=0 loss=3.88574 table=4.48960 row=4.18739 cell=3.16777 hard=0.15928
2026-08-03 13:32:36,080 INFO round=8 client=1 loss=3.83918 table=4.46524 row=4.02471 cell=2.90566 hard=0.15638
2026-08-03 13:34:24,115 INFO round=8 client=2 loss=3.85151 table=4.49078 row=3.97344 cell=2.95744 hard=0.14867
2026-08-03 13:36:12,057 INFO round=8 client=3 loss=3.87421 table=4.46818 row=3.96054 cell=2.96768 hard=0.15644
2026-08-03 13:38:02,567 INFO round=8 client=4 loss=3.88653 table=4.52543 row=4.14141 cell=3.06932 hard=0.15710
2026-08-03 13:41:12,787 INFO round=9 client=0 loss=3.86663 table=4.48205 row=4.18946 cell=3.16928 hard=0.15653
2026-08-03 13:43:02,642 INFO round=9 client=1 loss=3.80944 table=4.44290 row=4.08640 cell=2.93775 hard=0.14771
2026-08-03 13:44:51,306 INFO round=9 client=2 loss=3.83939 table=4.47178 row=4.01974 cell=2.98066 hard=0.14314
2026-08-03 13:46:38,801 INFO round=9 client=3 loss=3.89448 table=4.45670 row=3.90239 cell=2.92807 hard=0.15419
2026-08-03 13:48:29,121 INFO round=9 client=4 loss=3.86131 table=4.48862 row=4.16656 cell=3.09567 hard=0.15391
2026-08-03 13:51:38,557 INFO round=10 client=0 loss=3.84551 table=4.46133 row=4.16654 cell=3.15801 hard=0.14765
2026-08-03 13:53:28,707 INFO round=10 client=1 loss=3.79720 table=4.42820 row=4.08566 cell=2.94907 hard=0.14123
2026-08-03 13:55:16,880 INFO round=10 client=2 loss=3.82573 table=4.46200 row=3.97840 cell=2.95798 hard=0.13745
2026-08-03 13:57:05,163 INFO round=10 client=3 loss=3.85378 table=4.45899 row=3.93112 cell=2.93155 hard=0.14531
2026-08-03 13:58:55,557 INFO round=10 client=4 loss=3.84772 table=4.47417 row=4.17741 cell=3.10230 hard=0.14765
2026-08-03 14:00:15,511 INFO complete accepted=True

