2026-08-03 11:12:31,304 INFO running /home/hj/anaconda3/envs/fedrag-test/bin/python src/federated/train_fedrag.py --config configs/federated/day10_seed2026.yaml --variant flat --run-name day10_flat_s2026
2026-08-03 11:12:33,389 INFO Loading student and frozen global teacher from models/bge-base-en-v1.5
2026-08-03 11:12:34,159 INFO ROUND 1 CLIENT 0 START
2026-08-03 11:13:12,288 INFO ROUND 1 CLIENT 0 END loss=0.652769 sec=37.9
2026-08-03 11:13:12,288 INFO ROUND 1 CLIENT 1 START
2026-08-03 11:13:49,820 INFO ROUND 1 CLIENT 1 END loss=0.648631 sec=37.5
2026-08-03 11:13:49,820 INFO ROUND 1 CLIENT 2 START
2026-08-03 11:14:27,634 INFO ROUND 1 CLIENT 2 END loss=0.647281 sec=37.8
2026-08-03 11:14:27,634 INFO ROUND 1 CLIENT 3 START
2026-08-03 11:15:05,554 WARNING FP16 overflow skipped client=3 round=1 batch=625
2026-08-03 11:15:05,557 INFO ROUND 1 CLIENT 3 END loss=0.650321 sec=37.9
2026-08-03 11:15:05,558 INFO ROUND 1 CLIENT 4 START
2026-08-03 11:15:43,204 INFO ROUND 1 CLIENT 4 END loss=0.649373 sec=37.6
2026-08-03 11:15:43,213 INFO ROUND 1 COMPLETE loss=0.649675 peak=1418.1MiB comm=11796480
2026-08-03 11:15:43,215 INFO ROUND 2 CLIENT 0 START
2026-08-03 11:15:43,456 WARNING FP16 overflow skipped client=0 round=2 batch=3
2026-08-03 11:16:20,796 INFO ROUND 2 CLIENT 0 END loss=0.646920 sec=37.6
2026-08-03 11:16:20,796 INFO ROUND 2 CLIENT 1 START
2026-08-03 11:16:59,107 INFO ROUND 2 CLIENT 1 END loss=0.641206 sec=38.3
2026-08-03 11:16:59,107 INFO ROUND 2 CLIENT 2 START
2026-08-03 11:17:36,310 INFO ROUND 2 CLIENT 2 END loss=0.637446 sec=37.2
2026-08-03 11:17:36,310 INFO ROUND 2 CLIENT 3 START
2026-08-03 11:18:13,500 INFO ROUND 2 CLIENT 3 END loss=0.640500 sec=37.2
2026-08-03 11:18:13,500 INFO ROUND 2 CLIENT 4 START
2026-08-03 11:18:13,738 WARNING FP16 overflow skipped client=4 round=2 batch=3
2026-08-03 11:18:50,283 INFO ROUND 2 CLIENT 4 END loss=0.642140 sec=36.8
2026-08-03 11:18:50,294 INFO ROUND 2 COMPLETE loss=0.641642 peak=1422.6MiB comm=11796480
2026-08-03 11:18:50,296 INFO ROUND 3 CLIENT 0 START
2026-08-03 11:19:28,552 INFO ROUND 3 CLIENT 0 END loss=0.637405 sec=38.3
2026-08-03 11:19:28,553 INFO ROUND 3 CLIENT 1 START
2026-08-03 11:20:06,060 INFO ROUND 3 CLIENT 1 END loss=0.632151 sec=37.5
2026-08-03 11:20:06,060 INFO ROUND 3 CLIENT 2 START
2026-08-03 11:20:42,571 INFO ROUND 3 CLIENT 2 END loss=0.627636 sec=36.5
2026-08-03 11:20:42,571 INFO ROUND 3 CLIENT 3 START
2026-08-03 11:21:20,270 INFO ROUND 3 CLIENT 3 END loss=0.631141 sec=37.7
2026-08-03 11:21:20,270 INFO ROUND 3 CLIENT 4 START
2026-08-03 11:21:57,790 INFO ROUND 3 CLIENT 4 END loss=0.630966 sec=37.5
2026-08-03 11:21:57,798 INFO ROUND 3 COMPLETE loss=0.631860 peak=1416.9MiB comm=11796480
2026-08-03 11:21:57,800 INFO ROUND 4 CLIENT 0 START
2026-08-03 11:22:35,832 INFO ROUND 4 CLIENT 0 END loss=0.627625 sec=38.0
2026-08-03 11:22:35,832 INFO ROUND 4 CLIENT 1 START
2026-08-03 11:23:13,868 INFO ROUND 4 CLIENT 1 END loss=0.622634 sec=38.0
2026-08-03 11:23:13,868 INFO ROUND 4 CLIENT 2 START
2026-08-03 11:23:51,871 INFO ROUND 4 CLIENT 2 END loss=0.620140 sec=38.0
2026-08-03 11:23:51,872 INFO ROUND 4 CLIENT 3 START
2026-08-03 11:24:16,971 WARNING FP16 overflow skipped client=3 round=4 batch=419
2026-08-03 11:24:29,472 INFO ROUND 4 CLIENT 3 END loss=0.623595 sec=37.6
2026-08-03 11:24:29,472 INFO ROUND 4 CLIENT 4 START
2026-08-03 11:25:07,562 INFO ROUND 4 CLIENT 4 END loss=0.620776 sec=38.1
2026-08-03 11:25:07,570 INFO ROUND 4 COMPLETE loss=0.622954 peak=1416.9MiB comm=11796480
2026-08-03 11:25:07,572 INFO ROUND 5 CLIENT 0 START
2026-08-03 11:25:44,655 INFO ROUND 5 CLIENT 0 END loss=0.619822 sec=37.1
2026-08-03 11:25:44,655 INFO ROUND 5 CLIENT 1 START
2026-08-03 11:26:21,926 INFO ROUND 5 CLIENT 1 END loss=0.610073 sec=37.3
2026-08-03 11:26:21,926 INFO ROUND 5 CLIENT 2 START
2026-08-03 11:26:59,468 INFO ROUND 5 CLIENT 2 END loss=0.608585 sec=37.5
2026-08-03 11:26:59,469 INFO ROUND 5 CLIENT 3 START
2026-08-03 11:27:28,348 WARNING FP16 overflow skipped client=3 round=5 batch=483
2026-08-03 11:27:37,092 INFO ROUND 5 CLIENT 3 END loss=0.616231 sec=37.6
2026-08-03 11:27:37,093 INFO ROUND 5 CLIENT 4 START
2026-08-03 11:28:14,465 INFO ROUND 5 CLIENT 4 END loss=0.611046 sec=37.4
2026-08-03 11:28:14,474 INFO ROUND 5 COMPLETE loss=0.613152 peak=1418.1MiB comm=11796480
2026-08-03 11:28:14,476 INFO ROUND 6 CLIENT 0 START
2026-08-03 11:28:51,824 INFO ROUND 6 CLIENT 0 END loss=0.610754 sec=37.3
2026-08-03 11:28:51,824 INFO ROUND 6 CLIENT 1 START
2026-08-03 11:29:01,970 WARNING FP16 overflow skipped client=1 round=6 batch=163
2026-08-03 11:29:29,548 INFO ROUND 6 CLIENT 1 END loss=0.608516 sec=37.7
2026-08-03 11:29:29,548 INFO ROUND 6 CLIENT 2 START
2026-08-03 11:30:06,993 INFO ROUND 6 CLIENT 2 END loss=0.600601 sec=37.4
2026-08-03 11:30:06,993 INFO ROUND 6 CLIENT 3 START
2026-08-03 11:30:44,584 INFO ROUND 6 CLIENT 3 END loss=0.606772 sec=37.6
2026-08-03 11:30:44,584 INFO ROUND 6 CLIENT 4 START
2026-08-03 11:30:44,849 WARNING FP16 overflow skipped client=4 round=6 batch=3
2026-08-03 11:31:22,125 INFO ROUND 6 CLIENT 4 END loss=0.607714 sec=37.5
2026-08-03 11:31:22,134 INFO ROUND 6 COMPLETE loss=0.606872 peak=1439.7MiB comm=11796480
2026-08-03 11:31:22,136 INFO ROUND 7 CLIENT 0 START
2026-08-03 11:31:30,054 WARNING FP16 overflow skipped client=0 round=7 batch=131
2026-08-03 11:32:00,148 INFO ROUND 7 CLIENT 0 END loss=0.606267 sec=38.0
2026-08-03 11:32:00,148 INFO ROUND 7 CLIENT 1 START
2026-08-03 11:32:09,236 WARNING FP16 overflow skipped client=1 round=7 batch=147
2026-08-03 11:32:38,507 INFO ROUND 7 CLIENT 1 END loss=0.607841 sec=38.4
2026-08-03 11:32:38,507 INFO ROUND 7 CLIENT 2 START
2026-08-03 11:33:15,567 INFO ROUND 7 CLIENT 2 END loss=0.597084 sec=37.1
2026-08-03 11:33:15,567 INFO ROUND 7 CLIENT 3 START
2026-08-03 11:33:40,853 WARNING FP16 overflow skipped client=3 round=7 batch=415
2026-08-03 11:33:53,671 INFO ROUND 7 CLIENT 3 END loss=0.602853 sec=38.1
2026-08-03 11:33:53,671 INFO ROUND 7 CLIENT 4 START
2026-08-03 11:34:04,668 WARNING FP16 overflow skipped client=4 round=7 batch=175
2026-08-03 11:34:31,569 WARNING FP16 overflow skipped client=4 round=7 batch=624
2026-08-03 11:34:31,571 INFO ROUND 7 CLIENT 4 END loss=0.603634 sec=37.9
2026-08-03 11:34:31,579 INFO ROUND 7 COMPLETE loss=0.603536 peak=1418.6MiB comm=11796480
2026-08-03 11:34:31,581 INFO ROUND 8 CLIENT 0 START
2026-08-03 11:34:38,334 WARNING FP16 overflow skipped client=0 round=8 batch=107
2026-08-03 11:35:09,559 INFO ROUND 8 CLIENT 0 END loss=0.607210 sec=38.0
2026-08-03 11:35:09,559 INFO ROUND 8 CLIENT 1 START
2026-08-03 11:35:12,694 WARNING FP16 overflow skipped client=1 round=8 batch=51
2026-08-03 11:35:48,503 INFO ROUND 8 CLIENT 1 END loss=0.598146 sec=38.9
2026-08-03 11:35:48,503 INFO ROUND 8 CLIENT 2 START
2026-08-03 11:35:50,697 WARNING FP16 overflow skipped client=2 round=8 batch=35
2026-08-03 11:36:26,467 INFO ROUND 8 CLIENT 2 END loss=0.596745 sec=38.0
2026-08-03 11:36:26,467 INFO ROUND 8 CLIENT 3 START
2026-08-03 11:36:34,977 WARNING FP16 overflow skipped client=3 round=8 batch=139
2026-08-03 11:37:04,194 INFO ROUND 8 CLIENT 3 END loss=0.600760 sec=37.7
2026-08-03 11:37:04,194 INFO ROUND 8 CLIENT 4 START
2026-08-03 11:37:04,447 WARNING FP16 overflow skipped client=4 round=8 batch=3
2026-08-03 11:37:42,132 INFO ROUND 8 CLIENT 4 END loss=0.592454 sec=37.9
2026-08-03 11:37:42,142 INFO ROUND 8 COMPLETE loss=0.599064 peak=1423.7MiB comm=11796480
2026-08-03 11:37:42,144 INFO ROUND 9 CLIENT 0 START
2026-08-03 11:37:43,607 WARNING FP16 overflow skipped client=0 round=9 batch=23
2026-08-03 11:38:20,049 INFO ROUND 9 CLIENT 0 END loss=0.606585 sec=37.9
2026-08-03 11:38:20,049 INFO ROUND 9 CLIENT 1 START
2026-08-03 11:38:23,746 WARNING FP16 overflow skipped client=1 round=9 batch=59
2026-08-03 11:38:57,840 INFO ROUND 9 CLIENT 1 END loss=0.598217 sec=37.8
2026-08-03 11:38:57,840 INFO ROUND 9 CLIENT 2 START
2026-08-03 11:38:58,064 WARNING FP16 overflow skipped client=2 round=9 batch=3
2026-08-03 11:39:35,395 INFO ROUND 9 CLIENT 2 END loss=0.594838 sec=37.6
2026-08-03 11:39:35,395 INFO ROUND 9 CLIENT 3 START
2026-08-03 11:39:36,112 WARNING FP16 overflow skipped client=3 round=9 batch=11
2026-08-03 11:40:13,245 INFO ROUND 9 CLIENT 3 END loss=0.600121 sec=37.8
2026-08-03 11:40:13,245 INFO ROUND 9 CLIENT 4 START
2026-08-03 11:40:16,060 WARNING FP16 overflow skipped client=4 round=9 batch=43
2026-08-03 11:40:51,653 INFO ROUND 9 CLIENT 4 END loss=0.592420 sec=38.4
2026-08-03 11:40:51,661 INFO ROUND 9 COMPLETE loss=0.598437 peak=1417.5MiB comm=11796480
2026-08-03 11:40:51,663 INFO ROUND 10 CLIENT 0 START
2026-08-03 11:40:52,642 WARNING FP16 overflow skipped client=0 round=10 batch=15
2026-08-03 11:41:28,572 INFO ROUND 10 CLIENT 0 END loss=0.598440 sec=36.9
2026-08-03 11:41:28,572 INFO ROUND 10 CLIENT 1 START
2026-08-03 11:41:31,059 WARNING FP16 overflow skipped client=1 round=10 batch=39
2026-08-03 11:42:06,427 INFO ROUND 10 CLIENT 1 END loss=0.590660 sec=37.9
2026-08-03 11:42:06,427 INFO ROUND 10 CLIENT 2 START
2026-08-03 11:42:06,922 WARNING FP16 overflow skipped client=2 round=10 batch=7
2026-08-03 11:42:44,464 INFO ROUND 10 CLIENT 2 END loss=0.593418 sec=38.0
2026-08-03 11:42:44,464 INFO ROUND 10 CLIENT 3 START
2026-08-03 11:42:44,709 WARNING FP16 overflow skipped client=3 round=10 batch=3
2026-08-03 11:43:23,221 INFO ROUND 10 CLIENT 3 END loss=0.600272 sec=38.8
2026-08-03 11:43:23,221 INFO ROUND 10 CLIENT 4 START
2026-08-03 11:43:25,093 WARNING FP16 overflow skipped client=4 round=10 batch=31
2026-08-03 11:44:00,761 INFO ROUND 10 CLIENT 4 END loss=0.592634 sec=37.5
2026-08-03 11:44:00,769 INFO ROUND 10 COMPLETE loss=0.595085 peak=1437.4MiB comm=11796480
2026-08-03 11:44:00,769 INFO TRAINING COMPLETE audit=True
2026-08-03 11:44:01,182 INFO running /home/hj/anaconda3/envs/fedrag-test/bin/python src/federated/train_fedrag.py --config configs/federated/day10_seed2026.yaml --variant predicted_structure --run-name day10_unitable_s2026
2026-08-03 11:44:03,424 INFO Loading student and frozen global teacher from models/bge-base-en-v1.5
2026-08-03 11:44:04,202 INFO ROUND 1 CLIENT 0 START
2026-08-03 11:44:42,713 INFO ROUND 1 CLIENT 0 END loss=0.662602 sec=38.3
2026-08-03 11:44:42,713 INFO ROUND 1 CLIENT 1 START
2026-08-03 11:45:20,280 INFO ROUND 1 CLIENT 1 END loss=0.654368 sec=37.6
2026-08-03 11:45:20,280 INFO ROUND 1 CLIENT 2 START
2026-08-03 11:45:58,052 INFO ROUND 1 CLIENT 2 END loss=0.655278 sec=37.8
2026-08-03 11:45:58,053 INFO ROUND 1 CLIENT 3 START
2026-08-03 11:46:36,404 WARNING FP16 overflow skipped client=3 round=1 batch=625
2026-08-03 11:46:36,408 INFO ROUND 1 CLIENT 3 END loss=0.656704 sec=38.4
2026-08-03 11:46:36,408 INFO ROUND 1 CLIENT 4 START
2026-08-03 11:47:14,825 INFO ROUND 1 CLIENT 4 END loss=0.655733 sec=38.4
2026-08-03 11:47:14,832 INFO ROUND 1 COMPLETE loss=0.656937 peak=1414.7MiB comm=11796480
2026-08-03 11:47:14,834 INFO ROUND 2 CLIENT 0 START
2026-08-03 11:47:52,588 INFO ROUND 2 CLIENT 0 END loss=0.655337 sec=37.8
2026-08-03 11:47:52,588 INFO ROUND 2 CLIENT 1 START
2026-08-03 11:48:30,564 INFO ROUND 2 CLIENT 1 END loss=0.645546 sec=38.0
2026-08-03 11:48:30,565 INFO ROUND 2 CLIENT 2 START
2026-08-03 11:49:08,414 INFO ROUND 2 CLIENT 2 END loss=0.647180 sec=37.8
2026-08-03 11:49:08,414 INFO ROUND 2 CLIENT 3 START
2026-08-03 11:49:11,870 WARNING FP16 overflow skipped client=3 round=2 batch=55
2026-08-03 11:49:46,194 INFO ROUND 2 CLIENT 3 END loss=0.649381 sec=37.8
2026-08-03 11:49:46,194 INFO ROUND 2 CLIENT 4 START
2026-08-03 11:50:23,627 INFO ROUND 2 CLIENT 4 END loss=0.646189 sec=37.4
2026-08-03 11:50:23,636 INFO ROUND 2 COMPLETE loss=0.648727 peak=1414.7MiB comm=11796480
2026-08-03 11:50:23,638 INFO ROUND 3 CLIENT 0 START
2026-08-03 11:51:01,658 INFO ROUND 3 CLIENT 0 END loss=0.646900 sec=38.0
2026-08-03 11:51:01,659 INFO ROUND 3 CLIENT 1 START
2026-08-03 11:51:19,969 WARNING FP16 overflow skipped client=1 round=3 batch=303
2026-08-03 11:51:39,620 INFO ROUND 3 CLIENT 1 END loss=0.634891 sec=38.0
2026-08-03 11:51:39,620 INFO ROUND 3 CLIENT 2 START
2026-08-03 11:51:39,847 WARNING FP16 overflow skipped client=2 round=3 batch=3
2026-08-03 11:52:17,248 INFO ROUND 3 CLIENT 2 END loss=0.636257 sec=37.6
2026-08-03 11:52:17,248 INFO ROUND 3 CLIENT 3 START
2026-08-03 11:52:55,026 INFO ROUND 3 CLIENT 3 END loss=0.639605 sec=37.8
2026-08-03 11:52:55,026 INFO ROUND 3 CLIENT 4 START
2026-08-03 11:53:32,937 WARNING FP16 overflow skipped client=4 round=3 batch=624
2026-08-03 11:53:32,940 INFO ROUND 3 CLIENT 4 END loss=0.635599 sec=37.9
2026-08-03 11:53:32,952 INFO ROUND 3 COMPLETE loss=0.638650 peak=1414.6MiB comm=11796480
2026-08-03 11:53:32,954 INFO ROUND 4 CLIENT 0 START
2026-08-03 11:54:10,742 INFO ROUND 4 CLIENT 0 END loss=0.636841 sec=37.8
2026-08-03 11:54:10,743 INFO ROUND 4 CLIENT 1 START
2026-08-03 11:54:11,680 WARNING FP16 overflow skipped client=1 round=4 batch=15
2026-08-03 11:54:48,261 INFO ROUND 4 CLIENT 1 END loss=0.627834 sec=37.5
2026-08-03 11:54:48,261 INFO ROUND 4 CLIENT 2 START
2026-08-03 11:55:04,114 WARNING FP16 overflow skipped client=2 round=4 batch=259
2026-08-03 11:55:26,170 INFO ROUND 4 CLIENT 2 END loss=0.628263 sec=37.9
2026-08-03 11:55:26,170 INFO ROUND 4 CLIENT 3 START
2026-08-03 11:56:02,939 WARNING FP16 overflow skipped client=3 round=4 batch=603
2026-08-03 11:56:04,305 INFO ROUND 4 CLIENT 3 END loss=0.632282 sec=38.1
2026-08-03 11:56:04,305 INFO ROUND 4 CLIENT 4 START
2026-08-03 11:56:42,305 INFO ROUND 4 CLIENT 4 END loss=0.625673 sec=38.0
2026-08-03 11:56:42,315 INFO ROUND 4 COMPLETE loss=0.630179 peak=1413.6MiB comm=11796480
2026-08-03 11:56:42,317 INFO ROUND 5 CLIENT 0 START
2026-08-03 11:56:48,162 WARNING FP16 overflow skipped client=0 round=5 batch=95
2026-08-03 11:57:20,274 INFO ROUND 5 CLIENT 0 END loss=0.626764 sec=38.0
2026-08-03 11:57:20,274 INFO ROUND 5 CLIENT 1 START
2026-08-03 11:57:20,767 WARNING FP16 overflow skipped client=1 round=5 batch=7
2026-08-03 11:57:58,594 INFO ROUND 5 CLIENT 1 END loss=0.616309 sec=38.3
2026-08-03 11:57:58,594 INFO ROUND 5 CLIENT 2 START
2026-08-03 11:58:36,644 INFO ROUND 5 CLIENT 2 END loss=0.619864 sec=38.0
2026-08-03 11:58:36,644 INFO ROUND 5 CLIENT 3 START
2026-08-03 11:58:40,754 WARNING FP16 overflow skipped client=3 round=5 batch=67
2026-08-03 11:59:14,373 INFO ROUND 5 CLIENT 3 END loss=0.623547 sec=37.7
2026-08-03 11:59:14,373 INFO ROUND 5 CLIENT 4 START
2026-08-03 11:59:25,774 WARNING FP16 overflow skipped client=4 round=5 batch=191
2026-08-03 11:59:51,637 INFO ROUND 5 CLIENT 4 END loss=0.618808 sec=37.3
2026-08-03 11:59:51,647 INFO ROUND 5 COMPLETE loss=0.621059 peak=1413.6MiB comm=11796480
2026-08-03 11:59:51,649 INFO ROUND 6 CLIENT 0 START
2026-08-03 11:59:54,833 WARNING FP16 overflow skipped client=0 round=6 batch=51
2026-08-03 12:00:30,179 INFO ROUND 6 CLIENT 0 END loss=0.621311 sec=38.5
2026-08-03 12:00:30,180 INFO ROUND 6 CLIENT 1 START
2026-08-03 12:00:35,839 WARNING FP16 overflow skipped client=1 round=6 batch=91
2026-08-03 12:01:08,768 INFO ROUND 6 CLIENT 1 END loss=0.609565 sec=38.6
2026-08-03 12:01:08,768 INFO ROUND 6 CLIENT 2 START
2026-08-03 12:01:11,543 WARNING FP16 overflow skipped client=2 round=6 batch=43
2026-08-03 12:01:46,688 INFO ROUND 6 CLIENT 2 END loss=0.615815 sec=37.9
2026-08-03 12:01:46,688 INFO ROUND 6 CLIENT 3 START
2026-08-03 12:01:46,928 WARNING FP16 overflow skipped client=3 round=6 batch=3
2026-08-03 12:02:24,666 INFO ROUND 6 CLIENT 3 END loss=0.619335 sec=38.0
2026-08-03 12:02:24,666 INFO ROUND 6 CLIENT 4 START
2026-08-03 12:02:28,177 WARNING FP16 overflow skipped client=4 round=6 batch=55
2026-08-03 12:03:02,162 INFO ROUND 6 CLIENT 4 END loss=0.608572 sec=37.5
2026-08-03 12:03:02,173 INFO ROUND 6 COMPLETE loss=0.614920 peak=1414.7MiB comm=11796480
2026-08-03 12:03:02,175 INFO ROUND 7 CLIENT 0 START
2026-08-03 12:03:02,408 WARNING FP16 overflow skipped client=0 round=7 batch=3
2026-08-03 12:03:39,499 INFO ROUND 7 CLIENT 0 END loss=0.625219 sec=37.3
2026-08-03 12:03:39,499 INFO ROUND 7 CLIENT 1 START
2026-08-03 12:03:39,741 WARNING FP16 overflow skipped client=1 round=7 batch=3
2026-08-03 12:04:17,371 INFO ROUND 7 CLIENT 1 END loss=0.607411 sec=37.9
2026-08-03 12:04:17,371 INFO ROUND 7 CLIENT 2 START
2026-08-03 12:04:21,958 WARNING FP16 overflow skipped client=2 round=7 batch=75
2026-08-03 12:04:55,822 INFO ROUND 7 CLIENT 2 END loss=0.608264 sec=38.4
2026-08-03 12:04:55,822 INFO ROUND 7 CLIENT 3 START
2026-08-03 12:05:00,494 WARNING FP16 overflow skipped client=3 round=7 batch=75
2026-08-03 12:05:34,140 INFO ROUND 7 CLIENT 3 END loss=0.616676 sec=38.3
2026-08-03 12:05:34,141 INFO ROUND 7 CLIENT 4 START
2026-08-03 12:05:34,906 WARNING FP16 overflow skipped client=4 round=7 batch=11
2026-08-03 12:06:11,972 INFO ROUND 7 CLIENT 4 END loss=0.611518 sec=37.8
2026-08-03 12:06:11,979 INFO ROUND 7 COMPLETE loss=0.613817 peak=1414.7MiB comm=11796480
2026-08-03 12:06:11,981 INFO ROUND 8 CLIENT 0 START
2026-08-03 12:06:12,943 WARNING FP16 overflow skipped client=0 round=8 batch=15
2026-08-03 12:06:49,490 INFO ROUND 8 CLIENT 0 END loss=0.626053 sec=37.5
2026-08-03 12:06:49,490 INFO ROUND 8 CLIENT 1 START
2026-08-03 12:06:49,741 WARNING FP16 overflow skipped client=1 round=8 batch=3
2026-08-03 12:07:27,583 WARNING FP16 overflow skipped client=1 round=8 batch=625
2026-08-03 12:07:27,586 INFO ROUND 8 CLIENT 1 END loss=0.607291 sec=38.1
2026-08-03 12:07:27,587 INFO ROUND 8 CLIENT 2 START
2026-08-03 12:07:30,852 WARNING FP16 overflow skipped client=2 round=8 batch=55
2026-08-03 12:08:05,034 INFO ROUND 8 CLIENT 2 END loss=0.615622 sec=37.4
2026-08-03 12:08:05,034 INFO ROUND 8 CLIENT 3 START
2026-08-03 12:08:07,307 WARNING FP16 overflow skipped client=3 round=8 batch=35
2026-08-03 12:08:42,802 INFO ROUND 8 CLIENT 3 END loss=0.621381 sec=37.8
2026-08-03 12:08:42,802 INFO ROUND 8 CLIENT 4 START
2026-08-03 12:08:43,770 WARNING FP16 overflow skipped client=4 round=8 batch=15
2026-08-03 12:09:20,494 WARNING FP16 overflow skipped client=4 round=8 batch=624
2026-08-03 12:09:20,496 INFO ROUND 8 CLIENT 4 END loss=0.609402 sec=37.7
2026-08-03 12:09:20,502 INFO ROUND 8 COMPLETE loss=0.615950 peak=1414.7MiB comm=11796480
2026-08-03 12:09:20,503 INFO ROUND 9 CLIENT 0 START
2026-08-03 12:09:20,726 WARNING FP16 overflow skipped client=0 round=9 batch=3
2026-08-03 12:09:58,552 INFO ROUND 9 CLIENT 0 END loss=0.623747 sec=38.0
2026-08-03 12:09:58,552 INFO ROUND 9 CLIENT 1 START
2026-08-03 12:10:00,198 WARNING FP16 overflow skipped client=1 round=9 batch=27
2026-08-03 12:10:36,269 INFO ROUND 9 CLIENT 1 END loss=0.614162 sec=37.7
2026-08-03 12:10:36,269 INFO ROUND 9 CLIENT 2 START
2026-08-03 12:10:36,517 WARNING FP16 overflow skipped client=2 round=9 batch=3
2026-08-03 12:11:13,477 INFO ROUND 9 CLIENT 2 END loss=0.611244 sec=37.2
2026-08-03 12:11:13,478 INFO ROUND 9 CLIENT 3 START
2026-08-03 12:11:15,415 WARNING FP16 overflow skipped client=3 round=9 batch=31
2026-08-03 12:11:51,181 WARNING FP16 overflow skipped client=3 round=9 batch=625
2026-08-03 12:11:51,185 INFO ROUND 9 CLIENT 3 END loss=0.621505 sec=37.7
2026-08-03 12:11:51,185 INFO ROUND 9 CLIENT 4 START
2026-08-03 12:11:51,411 WARNING FP16 overflow skipped client=4 round=9 batch=3
2026-08-03 12:12:28,986 INFO ROUND 9 CLIENT 4 END loss=0.616531 sec=37.8
2026-08-03 12:12:28,992 INFO ROUND 9 COMPLETE loss=0.617438 peak=1413.6MiB comm=11796480
2026-08-03 12:12:28,993 INFO ROUND 10 CLIENT 0 START
2026-08-03 12:12:29,955 WARNING FP16 overflow skipped client=0 round=10 batch=15
2026-08-03 12:13:06,291 INFO ROUND 10 CLIENT 0 END loss=0.632299 sec=37.3
2026-08-03 12:13:06,291 INFO ROUND 10 CLIENT 1 START
2026-08-03 12:13:06,527 WARNING FP16 overflow skipped client=1 round=10 batch=3
2026-08-03 12:13:44,346 INFO ROUND 10 CLIENT 1 END loss=0.613076 sec=38.1
2026-08-03 12:13:44,347 INFO ROUND 10 CLIENT 2 START
2026-08-03 12:13:44,604 WARNING FP16 overflow skipped client=2 round=10 batch=3
2026-08-03 12:14:21,597 INFO ROUND 10 CLIENT 2 END loss=0.609640 sec=37.2
2026-08-03 12:14:21,597 INFO ROUND 10 CLIENT 3 START
2026-08-03 12:14:21,855 WARNING FP16 overflow skipped client=3 round=10 batch=3
2026-08-03 12:14:59,277 INFO ROUND 10 CLIENT 3 END loss=0.627644 sec=37.7
2026-08-03 12:14:59,277 INFO ROUND 10 CLIENT 4 START
2026-08-03 12:15:00,794 WARNING FP16 overflow skipped client=4 round=10 batch=23
2026-08-03 12:15:37,369 INFO ROUND 10 CLIENT 4 END loss=0.610808 sec=38.1
2026-08-03 12:15:37,375 INFO ROUND 10 COMPLETE loss=0.618695 peak=1416.4MiB comm=11796480
2026-08-03 12:15:37,375 INFO TRAINING COMPLETE audit=True
2026-08-03 12:15:37,787 INFO running /home/hj/anaconda3/envs/fedrag-test/bin/python src/federated/train_fedtabrag.py --config configs/federated/day10_seed2026.yaml --features hierarchy,hard_negative,hierarchical_kd,local_queue --run-name day10_r_plus_u_s2026 --stage full --rounds 10 --queue-size 128 --learning-rate 1e-5 --select-by dev_weighted_ndcg --aggregation r_plus_u --aggregation-min-weight 0.05 --aggregation-max-weight 0.5
2026-08-03 12:17:37,094 INFO round=1 client=0 loss=3.88765 table=4.50008 row=4.18638 cell=3.15317 hard=0.15931
2026-08-03 12:19:26,112 INFO round=1 client=1 loss=3.85301 table=4.47853 row=4.08562 cell=2.95740 hard=0.15224
2026-08-03 12:21:14,637 INFO round=1 client=2 loss=3.85729 table=4.49849 row=4.02962 cell=3.00913 hard=0.15046
2026-08-03 12:23:02,354 INFO round=1 client=3 loss=3.89608 table=4.51198 row=3.95466 cell=2.97153 hard=0.15515
2026-08-03 12:24:53,388 INFO round=1 client=4 loss=3.88644 table=4.50381 row=4.22011 cell=3.12724 hard=0.15963
2026-08-03 12:27:57,051 INFO round=2 client=0 loss=3.88460 table=4.49640 row=4.21484 cell=3.18241 hard=0.16029
2026-08-03 12:29:46,859 INFO round=2 client=1 loss=3.83769 table=4.47767 row=4.11938 cell=2.97500 hard=0.15593
2026-08-03 12:31:36,183 INFO round=2 client=2 loss=3.85880 table=4.49801 row=3.99202 cell=2.97950 hard=0.15174
2026-08-03 12:33:24,396 INFO round=2 client=3 loss=3.90491 table=4.47310 row=3.94855 cell=2.96567 hard=0.15450
2026-08-03 12:35:14,582 INFO round=2 client=4 loss=3.89867 table=4.50566 row=4.19725 cell=3.11208 hard=0.16002
2026-08-03 12:38:17,934 INFO round=3 client=0 loss=3.88928 table=4.50615 row=4.18889 cell=3.17384 hard=0.16470
2026-08-03 12:40:07,791 INFO round=3 client=1 loss=3.83715 table=4.46467 row=4.09045 cell=2.96322 hard=0.15693
2026-08-03 12:41:57,036 INFO round=3 client=2 loss=3.86575 table=4.49493 row=3.98158 cell=2.96633 hard=0.15369
2026-08-03 12:43:45,401 INFO round=3 client=3 loss=3.88529 table=4.47687 row=3.94601 cell=2.94811 hard=0.15593
2026-08-03 12:45:35,724 INFO round=3 client=4 loss=3.89712 table=4.50904 row=4.20236 cell=3.10950 hard=0.16083
2026-08-03 12:48:39,628 INFO round=4 client=0 loss=3.88146 table=4.50009 row=4.21062 cell=3.18079 hard=0.16236
2026-08-03 12:50:29,112 INFO round=4 client=1 loss=3.82810 table=4.47672 row=4.03299 cell=2.90972 hard=0.15815
2026-08-03 12:52:18,498 INFO round=4 client=2 loss=3.84755 table=4.50241 row=4.03384 cell=3.00640 hard=0.15378
2026-08-03 12:54:07,412 INFO round=4 client=3 loss=3.89659 table=4.47823 row=3.98115 cell=2.98344 hard=0.15749
2026-08-03 12:55:57,857 INFO round=4 client=4 loss=3.89369 table=4.51719 row=4.22140 cell=3.13023 hard=0.16373
2026-08-03 12:59:01,792 INFO round=5 client=0 loss=3.88192 table=4.50368 row=4.19018 cell=3.16075 hard=0.16263
2026-08-03 13:00:51,156 INFO round=5 client=1 loss=3.85468 table=4.48534 row=4.07119 cell=2.94870 hard=0.16041
2026-08-03 13:02:39,583 INFO round=5 client=2 loss=3.86867 table=4.49897 row=3.96024 cell=2.95107 hard=0.15411
2026-08-03 13:04:27,907 INFO round=5 client=3 loss=3.89751 table=4.48431 row=3.95637 cell=2.95795 hard=0.16226
2026-08-03 13:06:18,377 INFO round=5 client=4 loss=3.88604 table=4.51640 row=4.23578 cell=3.13186 hard=0.16235
2026-08-03 13:09:20,447 INFO round=6 client=0 loss=3.89435 table=4.49944 row=4.15495 cell=3.13934 hard=0.16242
2026-08-03 13:11:10,304 INFO round=6 client=1 loss=3.83532 table=4.48119 row=4.15443 cell=2.99146 hard=0.15637
2026-08-03 13:12:59,135 INFO round=6 client=2 loss=3.85387 table=4.50044 row=4.03485 cell=3.01141 hard=0.15211
2026-08-03 13:14:47,513 INFO round=6 client=3 loss=3.90989 table=4.47715 row=3.97389 cell=2.97111 hard=0.15909
2026-08-03 13:16:37,427 INFO round=6 client=4 loss=3.89285 table=4.54837 row=4.16598 cell=3.08624 hard=0.16162
2026-08-03 13:19:41,307 INFO round=7 client=0 loss=3.87740 table=4.50235 row=4.19123 cell=3.16428 hard=0.15970
2026-08-03 13:21:30,166 INFO round=7 client=1 loss=3.83055 table=4.45667 row=4.06397 cell=2.94486 hard=0.15612
2026-08-03 13:23:19,929 INFO round=7 client=2 loss=3.84542 table=4.50667 row=4.03696 cell=2.99560 hard=0.15254
2026-08-03 13:25:07,182 INFO round=7 client=3 loss=3.89684 table=4.47328 row=3.91914 cell=2.93743 hard=0.15513
2026-08-03 13:26:57,469 INFO round=7 client=4 loss=3.89027 table=4.51718 row=4.18108 cell=3.10031 hard=0.16087
2026-08-03 13:30:00,563 INFO round=8 client=0 loss=3.87713 table=4.48593 row=4.15216 cell=3.14316 hard=0.15886
2026-08-03 13:31:49,358 INFO round=8 client=1 loss=3.83857 table=4.45840 row=3.99762 cell=2.88808 hard=0.15333
2026-08-03 13:33:38,744 INFO round=8 client=2 loss=3.83869 table=4.48690 row=4.04742 cell=3.01133 hard=0.14724
2026-08-03 13:35:26,995 INFO round=8 client=3 loss=3.88371 table=4.45786 row=3.93931 cell=2.95326 hard=0.15268
2026-08-03 13:37:17,580 INFO round=8 client=4 loss=3.87075 table=4.50845 row=4.22315 cell=3.13080 hard=0.15674
2026-08-03 13:40:20,828 INFO round=9 client=0 loss=3.85418 table=4.48609 row=4.14691 cell=3.14044 hard=0.15151
2026-08-03 13:42:10,711 INFO round=9 client=1 loss=3.81571 table=4.43555 row=4.06037 cell=2.92744 hard=0.14697
2026-08-03 13:44:00,562 INFO round=9 client=2 loss=3.81405 table=4.47678 row=4.01941 cell=2.99119 hard=0.14230
2026-08-03 13:45:49,046 INFO round=9 client=3 loss=3.85875 table=4.44196 row=3.96040 cell=2.96687 hard=0.14503
2026-08-03 13:47:39,695 INFO round=9 client=4 loss=3.85534 table=4.47535 row=4.17128 cell=3.09033 hard=0.15104
2026-08-03 13:50:43,532 INFO round=10 client=0 loss=3.84193 table=4.45403 row=4.14127 cell=3.14431 hard=0.14699
2026-08-03 13:52:33,988 INFO round=10 client=1 loss=3.78093 table=4.41070 row=4.09079 cell=2.94964 hard=0.14273
2026-08-03 13:54:23,179 INFO round=10 client=2 loss=3.81123 table=4.44740 row=3.97905 cell=2.97062 hard=0.13573
2026-08-03 13:56:12,106 INFO round=10 client=3 loss=3.85274 table=4.43203 row=4.01607 cell=3.01238 hard=0.14220
2026-08-03 13:58:02,718 INFO round=10 client=4 loss=3.83371 table=4.45424 row=4.15819 cell=3.07771 hard=0.14476
2026-08-03 13:59:14,623 INFO complete accepted=True

