2026-07-24 17:32:05,623 INFO Loading structure-only checkpoint=third_party/unitable/experiments/unitable_weights/unitable_large_structure.pt sha256=43780b0fdcab3ad9c2af64b72f124a86241a7c2f2f6a0bbcceaf4e327f4af339 device=cuda:0
/home/hj/anaconda3/envs/lx_Unitable/lib/python3.10/site-packages/torch/nn/modules/transformer.py:286: UserWarning: enable_nested_tensor is True, but self.use_nested_tensor is False because encoder_layer.norm_first was True
  warnings.warn(f"enable_nested_tensor is True, but self.use_nested_tensor is False because {why_not_sparsity_fast_path}")
2026-07-24 17:32:07,389 INFO Progress 1/100 status=ok steps=54 confidence=0.999958 elapsed=0.411s
2026-07-24 17:32:07,510 INFO Progress 2/100 status=ok steps=47 confidence=0.999997 elapsed=0.121s
2026-07-24 17:32:07,630 INFO Progress 3/100 status=ok steps=47 confidence=0.999984 elapsed=0.119s
2026-07-24 17:32:07,701 INFO Progress 4/100 status=ok steps=25 confidence=0.999971 elapsed=0.070s
2026-07-24 17:32:07,796 INFO Progress 5/100 status=ok steps=37 confidence=0.999963 elapsed=0.095s
2026-07-24 17:32:07,900 INFO Progress 6/100 status=ok steps=37 confidence=0.999937 elapsed=0.103s
2026-07-24 17:32:08,027 INFO Progress 7/100 status=ok steps=50 confidence=0.999819 elapsed=0.126s
2026-07-24 17:32:08,204 INFO Progress 8/100 status=ok steps=65 confidence=0.999910 elapsed=0.177s
2026-07-24 17:32:08,283 INFO Progress 9/100 status=ok steps=29 confidence=0.999668 elapsed=0.079s
2026-07-24 17:32:08,391 INFO Progress 10/100 status=ok steps=41 confidence=0.999968 elapsed=0.107s
2026-07-24 17:32:08,471 INFO Progress 11/100 status=ok steps=29 confidence=0.999960 elapsed=0.079s
2026-07-24 17:32:08,538 INFO Progress 12/100 status=ok steps=23 confidence=0.994981 elapsed=0.067s
2026-07-24 17:32:08,589 INFO Progress 13/100 status=ok steps=17 confidence=0.999843 elapsed=0.049s
2026-07-24 17:32:08,703 INFO Progress 14/100 status=ok steps=45 confidence=0.999797 elapsed=0.113s
2026-07-24 17:32:08,794 INFO Progress 15/100 status=ok steps=33 confidence=0.999994 elapsed=0.087s
2026-07-24 17:32:08,940 INFO Progress 16/100 status=ok steps=57 confidence=0.999883 elapsed=0.146s
2026-07-24 17:32:09,025 INFO Progress 17/100 status=ok steps=31 confidence=0.933505 elapsed=0.084s
2026-07-24 17:32:09,175 INFO Progress 18/100 status=ok steps=57 confidence=0.999747 elapsed=0.148s
2026-07-24 17:32:09,261 INFO Progress 19/100 status=ok steps=31 confidence=0.933505 elapsed=0.085s
2026-07-24 17:32:09,353 INFO Progress 20/100 status=ok steps=35 confidence=0.999912 elapsed=0.091s
2026-07-24 17:32:09,502 INFO Progress 21/100 status=ok steps=59 confidence=0.999965 elapsed=0.147s
2026-07-24 17:32:09,668 INFO Progress 22/100 status=ok steps=65 confidence=0.999910 elapsed=0.165s
2026-07-24 17:32:09,753 INFO Progress 23/100 status=ok steps=31 confidence=0.933505 elapsed=0.083s
2026-07-24 17:32:09,837 INFO Progress 24/100 status=ok steps=31 confidence=0.933505 elapsed=0.083s
2026-07-24 17:32:09,968 INFO Progress 25/100 status=ok steps=50 confidence=0.999985 elapsed=0.129s
2026-07-24 17:32:10,099 INFO Progress 26/100 status=ok steps=50 confidence=0.999985 elapsed=0.130s
2026-07-24 17:32:10,172 INFO Progress 27/100 status=ok steps=25 confidence=0.999915 elapsed=0.071s
2026-07-24 17:32:10,268 INFO Progress 28/100 status=ok steps=35 confidence=0.999889 elapsed=0.095s
2026-07-24 17:32:10,356 INFO Progress 29/100 status=ok steps=33 confidence=0.999779 elapsed=0.087s
2026-07-24 17:32:10,483 INFO Progress 30/100 status=ok steps=50 confidence=0.999963 elapsed=0.126s
2026-07-24 17:32:10,571 INFO Progress 31/100 status=ok steps=33 confidence=0.999979 elapsed=0.086s
2026-07-24 17:32:10,785 INFO Progress 32/100 status=ok steps=85 confidence=0.999989 elapsed=0.213s
2026-07-24 17:32:10,867 INFO Progress 33/100 status=ok steps=29 confidence=0.999857 elapsed=0.080s
2026-07-24 17:32:10,994 INFO Progress 34/100 status=ok steps=49 confidence=0.999423 elapsed=0.125s
2026-07-24 17:32:11,088 INFO Progress 35/100 status=ok steps=33 confidence=0.980032 elapsed=0.092s
2026-07-24 17:32:11,196 INFO Progress 36/100 status=ok steps=40 confidence=0.999776 elapsed=0.107s
2026-07-24 17:32:11,338 INFO Progress 37/100 status=ok steps=55 confidence=0.999991 elapsed=0.140s
2026-07-24 17:32:11,447 INFO Progress 38/100 status=ok steps=40 confidence=0.999319 elapsed=0.107s
2026-07-24 17:32:11,654 INFO Progress 39/100 status=ok steps=81 confidence=0.999979 elapsed=0.205s
2026-07-24 17:32:12,196 INFO Progress 40/100 status=ok steps=200 confidence=0.999805 elapsed=0.540s
2026-07-24 17:32:12,303 INFO Progress 41/100 status=ok steps=40 confidence=0.999319 elapsed=0.106s
2026-07-24 17:32:12,619 INFO Progress 42/100 status=ok steps=122 confidence=0.997952 elapsed=0.314s
2026-07-24 17:32:12,947 INFO Progress 43/100 status=ok steps=133 confidence=0.999980 elapsed=0.326s
2026-07-24 17:32:13,259 INFO Progress 44/100 status=ok steps=122 confidence=0.997952 elapsed=0.310s
2026-07-24 17:32:13,414 INFO Progress 45/100 status=ok steps=60 confidence=0.999968 elapsed=0.153s
2026-07-24 17:32:13,487 INFO Progress 46/100 status=ok steps=23 confidence=0.999650 elapsed=0.070s
2026-07-24 17:32:13,552 INFO Progress 47/100 status=ok steps=23 confidence=0.999773 elapsed=0.063s
2026-07-24 17:32:13,827 INFO Progress 48/100 status=ok steps=105 confidence=0.999987 elapsed=0.272s
2026-07-24 17:32:14,192 INFO Progress 49/100 status=ok steps=141 confidence=0.999987 elapsed=0.362s
2026-07-24 17:32:14,341 INFO Progress 50/100 status=ok steps=57 confidence=0.999986 elapsed=0.147s
2026-07-24 17:32:14,497 INFO Progress 51/100 status=ok steps=57 confidence=0.999989 elapsed=0.153s
2026-07-24 17:32:14,756 INFO Progress 52/100 status=ok steps=100 confidence=0.999991 elapsed=0.257s
2026-07-24 17:32:15,120 INFO Progress 53/100 status=ok steps=141 confidence=0.999922 elapsed=0.362s
2026-07-24 17:32:15,216 INFO Progress 54/100 status=ok steps=35 confidence=0.999990 elapsed=0.094s
2026-07-24 17:32:15,482 INFO Progress 55/100 status=ok steps=105 confidence=0.999998 elapsed=0.262s
2026-07-24 17:32:15,564 INFO Progress 56/100 status=ok steps=30 confidence=0.999930 elapsed=0.080s
2026-07-24 17:32:15,710 INFO Progress 57/100 status=ok steps=57 confidence=0.999989 elapsed=0.143s
2026-07-24 17:32:16,064 INFO Progress 58/100 status=ok steps=141 confidence=0.999996 elapsed=0.352s
2026-07-24 17:32:16,325 INFO Progress 59/100 status=ok steps=105 confidence=0.999987 elapsed=0.259s
2026-07-24 17:32:16,418 INFO Progress 60/100 status=ok steps=33 confidence=0.999963 elapsed=0.090s
2026-07-24 17:32:16,729 INFO Progress 61/100 status=ok steps=122 confidence=0.997952 elapsed=0.309s
2026-07-24 17:32:16,829 INFO Progress 62/100 status=ok steps=37 confidence=0.999993 elapsed=0.097s
2026-07-24 17:32:17,186 INFO Progress 63/100 status=ok steps=141 confidence=0.999922 elapsed=0.355s
2026-07-24 17:32:17,533 INFO Progress 64/100 status=ok steps=141 confidence=0.999969 elapsed=0.344s
2026-07-24 17:32:17,641 INFO Progress 65/100 status=ok steps=40 confidence=0.999665 elapsed=0.105s
2026-07-24 17:32:17,738 INFO Progress 66/100 status=ok steps=35 confidence=0.999991 elapsed=0.094s
2026-07-24 17:32:17,822 INFO Progress 67/100 status=ok steps=29 confidence=0.999441 elapsed=0.082s
2026-07-24 17:32:17,901 INFO Progress 68/100 status=ok steps=29 confidence=0.999970 elapsed=0.076s
2026-07-24 17:32:18,041 INFO Progress 69/100 status=ok steps=53 confidence=0.999890 elapsed=0.137s
2026-07-24 17:32:18,393 INFO Progress 70/100 status=ok steps=141 confidence=0.999969 elapsed=0.349s
2026-07-24 17:32:18,487 INFO Progress 71/100 status=ok steps=35 confidence=0.999969 elapsed=0.091s
2026-07-24 17:32:18,588 INFO Progress 72/100 status=ok steps=37 confidence=0.999990 elapsed=0.098s
2026-07-24 17:32:18,697 INFO Progress 73/100 status=ok steps=40 confidence=0.999433 elapsed=0.106s
2026-07-24 17:32:18,804 INFO Progress 74/100 status=ok steps=41 confidence=0.999989 elapsed=0.104s
2026-07-24 17:32:19,166 INFO Progress 75/100 status=ok steps=141 confidence=0.999996 elapsed=0.359s
2026-07-24 17:32:19,248 INFO Progress 76/100 status=ok steps=29 confidence=0.997833 elapsed=0.078s
2026-07-24 17:32:19,425 INFO Progress 77/100 status=ok steps=61 confidence=0.997962 elapsed=0.174s
2026-07-24 17:32:19,520 INFO Progress 78/100 status=ok steps=35 confidence=0.999813 elapsed=0.092s
2026-07-24 17:32:19,615 INFO Progress 79/100 status=ok steps=35 confidence=0.999783 elapsed=0.091s
2026-07-24 17:32:19,744 INFO Progress 80/100 status=ok steps=47 confidence=0.997909 elapsed=0.126s
2026-07-24 17:32:19,805 INFO Progress 81/100 status=ok steps=20 confidence=0.999890 elapsed=0.057s
2026-07-24 17:32:20,279 INFO Progress 82/100 status=ok steps=185 confidence=0.999997 elapsed=0.471s
2026-07-24 17:32:20,420 INFO Progress 83/100 status=ok steps=55 confidence=0.999941 elapsed=0.137s
2026-07-24 17:32:20,573 INFO Progress 84/100 status=ok steps=59 confidence=0.999978 elapsed=0.150s
2026-07-24 17:32:20,727 INFO Progress 85/100 status=ok steps=57 confidence=0.999986 elapsed=0.149s
2026-07-24 17:32:20,864 INFO Progress 86/100 status=ok steps=50 confidence=0.999913 elapsed=0.132s
2026-07-24 17:32:21,025 INFO Progress 87/100 status=ok steps=57 confidence=0.999989 elapsed=0.155s
2026-07-24 17:32:21,286 INFO Progress 88/100 status=ok steps=100 confidence=0.999991 elapsed=0.257s
2026-07-24 17:32:21,552 INFO Progress 89/100 status=ok steps=105 confidence=0.999998 elapsed=0.263s
2026-07-24 17:32:21,667 INFO Progress 90/100 status=ok steps=41 confidence=0.999916 elapsed=0.110s
2026-07-24 17:32:21,772 INFO Progress 91/100 status=ok steps=37 confidence=0.999605 elapsed=0.100s
2026-07-24 17:32:21,871 INFO Progress 92/100 status=ok steps=35 confidence=0.999939 elapsed=0.096s
2026-07-24 17:32:21,942 INFO Progress 93/100 status=ok steps=23 confidence=0.999938 elapsed=0.067s
2026-07-24 17:32:22,426 INFO Progress 94/100 status=ok steps=185 confidence=0.999997 elapsed=0.480s
2026-07-24 17:32:22,596 INFO Progress 95/100 status=ok steps=59 confidence=0.999949 elapsed=0.165s
2026-07-24 17:32:22,692 INFO Progress 96/100 status=ok steps=35 confidence=0.999913 elapsed=0.092s
2026-07-24 17:32:22,792 INFO Progress 97/100 status=ok steps=37 confidence=0.999971 elapsed=0.096s
2026-07-24 17:32:22,925 INFO Progress 98/100 status=ok steps=47 confidence=0.997909 elapsed=0.129s
2026-07-24 17:32:23,051 INFO Progress 99/100 status=ok steps=41 confidence=0.999936 elapsed=0.122s
2026-07-24 17:32:23,194 INFO Progress 100/100 status=ok steps=55 confidence=0.999994 elapsed=0.139s
2026-07-24 17:32:23,198 INFO Completed total=100 failures=0 skipped=0 elapsed=16.2s

['/home/hj/data/lx/FedTabRAG/third_party/unitable', '/home/hj/data/lx/FedTabRAG/scripts', '/home/hj/anaconda3/envs/lx_Unitable/lib/python310.zip', '/home/hj/anaconda3/envs/lx_Unitable/lib/python3.10', '/home/hj/anaconda3/envs/lx_Unitable/lib/python3.10/lib-dynload', '/home/hj/anaconda3/envs/lx_Unitable/lib/python3.10/site-packages', '/root/autodl-tmp/unitable']
['/home/hj/data/lx/FedTabRAG/third_party/unitable', '/home/hj/data/lx/FedTabRAG/scripts', '/home/hj/anaconda3/envs/lx_Unitable/lib/python310.zip', '/home/hj/anaconda3/envs/lx_Unitable/lib/python3.10', '/home/hj/anaconda3/envs/lx_Unitable/lib/python3.10/lib-dynload', '/home/hj/anaconda3/envs/lx_Unitable/lib/python3.10/site-packages', '/root/autodl-tmp/unitable', '/root/autodl-tmp/unitable']
['/home/hj/data/lx/FedTabRAG/third_party/unitable', '/home/hj/data/lx/FedTabRAG/scripts', '/home/hj/anaconda3/envs/lx_Unitable/lib/python310.zip', '/home/hj/anaconda3/envs/lx_Unitable/lib/python3.10', '/home/hj/anaconda3/envs/lx_Unitable/lib/python3.10/lib-dynload', '/home/hj/anaconda3/envs/lx_Unitable/lib/python3.10/site-packages', '/root/autodl-tmp/unitable', '/root/autodl-tmp/unitable', '/root/autodl-tmp/unitable']
['/home/hj/data/lx/FedTabRAG/third_party/unitable', '/home/hj/data/lx/FedTabRAG/scripts', '/home/hj/anaconda3/envs/lx_Unitable/lib/python310.zip', '/home/hj/anaconda3/envs/lx_Unitable/lib/python3.10', '/home/hj/anaconda3/envs/lx_Unitable/lib/python3.10/lib-dynload', '/home/hj/anaconda3/envs/lx_Unitable/lib/python3.10/site-packages', '/root/autodl-tmp/unitable', '/root/autodl-tmp/unitable', '/root/autodl-tmp/unitable', '/root/autodl-tmp/unitable']
['/home/hj/data/lx/FedTabRAG/third_party/unitable', '/home/hj/data/lx/FedTabRAG/scripts', '/home/hj/anaconda3/envs/lx_Unitable/lib/python310.zip', '/home/hj/anaconda3/envs/lx_Unitable/lib/python3.10', '/home/hj/anaconda3/envs/lx_Unitable/lib/python3.10/lib-dynload', '/home/hj/anaconda3/envs/lx_Unitable/lib/python3.10/site-packages', '/root/autodl-tmp/unitable', '/root/autodl-tmp/unitable', '/root/autodl-tmp/unitable', '/root/autodl-tmp/unitable', '/root/autodl-tmp/unitable']
['/home/hj/data/lx/FedTabRAG/third_party/unitable', '/home/hj/data/lx/FedTabRAG/scripts', '/home/hj/anaconda3/envs/lx_Unitable/lib/python310.zip', '/home/hj/anaconda3/envs/lx_Unitable/lib/python3.10', '/home/hj/anaconda3/envs/lx_Unitable/lib/python3.10/lib-dynload', '/home/hj/anaconda3/envs/lx_Unitable/lib/python3.10/site-packages', '/root/autodl-tmp/unitable', '/root/autodl-tmp/unitable', '/root/autodl-tmp/unitable', '/root/autodl-tmp/unitable', '/root/autodl-tmp/unitable', '/root/autodl-tmp/unitable']

