2026-07-27 15:49:30,926 INFO Loading student and frozen global teacher from models/bge-base-en-v1.5
2026-07-27 15:49:31,689 INFO ROUND 1 CLIENT 0 START
2026-07-27 15:50:08,973 INFO ROUND 1 CLIENT 0 END loss=0.651250 sec=37.1
2026-07-27 15:50:08,973 INFO ROUND 1 CLIENT 1 START
2026-07-27 15:50:46,100 INFO ROUND 1 CLIENT 1 END loss=0.652049 sec=37.1
2026-07-27 15:50:46,100 INFO ROUND 1 CLIENT 2 START
2026-07-27 15:51:23,613 INFO ROUND 1 CLIENT 2 END loss=0.648842 sec=37.5
2026-07-27 15:51:23,613 INFO ROUND 1 CLIENT 3 START
2026-07-27 15:52:01,125 INFO ROUND 1 CLIENT 3 END loss=0.649764 sec=37.5
2026-07-27 15:52:01,125 INFO ROUND 1 CLIENT 4 START
2026-07-27 15:52:38,728 INFO ROUND 1 CLIENT 4 END loss=0.649407 sec=37.6
2026-07-27 15:52:38,738 INFO ROUND 1 COMPLETE loss=0.650263 peak=1428.9MiB comm=11796480
2026-07-27 15:52:38,740 INFO ROUND 2 CLIENT 0 START
2026-07-27 15:53:16,194 INFO ROUND 2 CLIENT 0 END loss=0.641937 sec=37.5
2026-07-27 15:53:16,194 INFO ROUND 2 CLIENT 1 START
2026-07-27 15:53:53,456 INFO ROUND 2 CLIENT 1 END loss=0.641661 sec=37.3
2026-07-27 15:53:53,456 INFO ROUND 2 CLIENT 2 START
2026-07-27 15:54:30,952 INFO ROUND 2 CLIENT 2 END loss=0.637526 sec=37.5
2026-07-27 15:54:30,952 INFO ROUND 2 CLIENT 3 START
2026-07-27 15:55:08,647 INFO ROUND 2 CLIENT 3 END loss=0.640561 sec=37.7
2026-07-27 15:55:08,648 INFO ROUND 2 CLIENT 4 START
2026-07-27 15:55:45,927 INFO ROUND 2 CLIENT 4 END loss=0.640385 sec=37.3
2026-07-27 15:55:45,939 INFO ROUND 2 COMPLETE loss=0.640414 peak=1424.9MiB comm=11796480
2026-07-27 15:55:45,941 INFO ROUND 3 CLIENT 0 START
2026-07-27 15:56:22,926 INFO ROUND 3 CLIENT 0 END loss=0.634478 sec=37.0
2026-07-27 15:56:22,926 INFO ROUND 3 CLIENT 1 START
2026-07-27 15:56:59,831 INFO ROUND 3 CLIENT 1 END loss=0.632050 sec=36.9
2026-07-27 15:56:59,832 INFO ROUND 3 CLIENT 2 START
2026-07-27 15:57:36,702 INFO ROUND 3 CLIENT 2 END loss=0.627594 sec=36.9
2026-07-27 15:57:36,703 INFO ROUND 3 CLIENT 3 START
2026-07-27 15:58:13,791 ERROR training failed
Traceback (most recent call last):
  File "/home/hj/data/lx/FedTabRAG/src/federated/train_fedrag.py", line 331, in <module>
    main()
  File "/home/hj/data/lx/FedTabRAG/src/federated/train_fedrag.py", line 290, in main
    state, metrics = train_client(student, teacher, pairs[cid], cfg, cid, round_no, device)
                     ^^^^^^^^^^^^^^^^^^^^^^^^^^^^^^^^^^^^^^^^^^^^^^^^^^^^^^^^^^^^^^^^^^^^^^
  File "/home/hj/data/lx/FedTabRAG/src/federated/train_fedrag.py", line 199, in train_client
    raise FloatingPointError(f"non-finite gradient client={cid} round={round_no}")
FloatingPointError: non-finite gradient client=3 round=3

ERROR conda.cli.main_run:execute(125): `conda run python src/federated/train_fedrag.py --config configs/federated/main_5clients.yaml --variant flat --run-name fedrag_flat_s42` failed. (See above for error)
2026-07-27 16:00:53,691 INFO Loading student and frozen global teacher from models/bge-base-en-v1.5
2026-07-27 16:00:54,451 INFO Resuming after round 2
2026-07-27 16:00:54,453 INFO ROUND 3 CLIENT 0 START
2026-07-27 16:01:31,790 INFO ROUND 3 CLIENT 0 END loss=0.635435 sec=37.1
2026-07-27 16:01:31,791 INFO ROUND 3 CLIENT 1 START
2026-07-27 16:02:09,166 INFO ROUND 3 CLIENT 1 END loss=0.631078 sec=37.4
2026-07-27 16:02:09,166 INFO ROUND 3 CLIENT 2 START
2026-07-27 16:02:46,078 INFO ROUND 3 CLIENT 2 END loss=0.626246 sec=36.9
2026-07-27 16:02:46,078 INFO ROUND 3 CLIENT 3 START
2026-07-27 16:03:23,037 INFO ROUND 3 CLIENT 3 END loss=0.631676 sec=37.0
2026-07-27 16:03:23,037 INFO ROUND 3 CLIENT 4 START
2026-07-27 16:03:59,681 INFO ROUND 3 CLIENT 4 END loss=0.630955 sec=36.6
2026-07-27 16:03:59,895 INFO ROUND 3 COMPLETE loss=0.631078 peak=1415.3MiB comm=11796480
2026-07-27 16:03:59,900 INFO ROUND 4 CLIENT 0 START
2026-07-27 16:04:37,058 INFO ROUND 4 CLIENT 0 END loss=0.628559 sec=37.2
2026-07-27 16:04:37,058 INFO ROUND 4 CLIENT 1 START
2026-07-27 16:05:13,833 INFO ROUND 4 CLIENT 1 END loss=0.622898 sec=36.8
2026-07-27 16:05:13,833 INFO ROUND 4 CLIENT 2 START
2026-07-27 16:05:50,314 INFO ROUND 4 CLIENT 2 END loss=0.616892 sec=36.5
2026-07-27 16:05:50,314 INFO ROUND 4 CLIENT 3 START
2026-07-27 16:06:27,157 INFO ROUND 4 CLIENT 3 END loss=0.622984 sec=36.8
2026-07-27 16:06:27,157 INFO ROUND 4 CLIENT 4 START
2026-07-27 16:07:03,826 WARNING FP16 overflow skipped client=4 round=4 batch=624
2026-07-27 16:07:03,829 INFO ROUND 4 CLIENT 4 END loss=0.621022 sec=36.7
2026-07-27 16:07:03,928 INFO ROUND 4 COMPLETE loss=0.622471 peak=1419.8MiB comm=11796480
2026-07-27 16:07:03,931 INFO ROUND 5 CLIENT 0 START
2026-07-27 16:07:09,707 WARNING FP16 overflow skipped client=0 round=5 batch=99
2026-07-27 16:07:40,574 INFO ROUND 5 CLIENT 0 END loss=0.619030 sec=36.6
2026-07-27 16:07:40,575 INFO ROUND 5 CLIENT 1 START
2026-07-27 16:07:41,040 WARNING FP16 overflow skipped client=1 round=5 batch=7
2026-07-27 16:08:17,724 INFO ROUND 5 CLIENT 1 END loss=0.614983 sec=37.1
2026-07-27 16:08:17,724 INFO ROUND 5 CLIENT 2 START
2026-07-27 16:08:54,813 INFO ROUND 5 CLIENT 2 END loss=0.610085 sec=37.1
2026-07-27 16:08:54,814 INFO ROUND 5 CLIENT 3 START
2026-07-27 16:09:32,167 INFO ROUND 5 CLIENT 3 END loss=0.616709 sec=37.3
2026-07-27 16:09:32,167 INFO ROUND 5 CLIENT 4 START
2026-07-27 16:10:01,219 WARNING FP16 overflow skipped client=4 round=5 batch=483
2026-07-27 16:10:09,657 INFO ROUND 5 CLIENT 4 END loss=0.610797 sec=37.5
2026-07-27 16:10:10,680 INFO ROUND 5 COMPLETE loss=0.614322 peak=1436.2MiB comm=11796480
2026-07-27 16:10:10,683 INFO ROUND 6 CLIENT 0 START
2026-07-27 16:10:37,103 WARNING FP16 overflow skipped client=0 round=6 batch=451
2026-07-27 16:10:47,343 INFO ROUND 6 CLIENT 0 END loss=0.609085 sec=36.7
2026-07-27 16:10:47,343 INFO ROUND 6 CLIENT 1 START
2026-07-27 16:10:50,211 WARNING FP16 overflow skipped client=1 round=6 batch=47
2026-07-27 16:11:24,023 INFO ROUND 6 CLIENT 1 END loss=0.608787 sec=36.7
2026-07-27 16:11:24,024 INFO ROUND 6 CLIENT 2 START
2026-07-27 16:11:38,709 WARNING FP16 overflow skipped client=2 round=6 batch=255
2026-07-27 16:11:59,971 INFO ROUND 6 CLIENT 2 END loss=0.600732 sec=35.9
2026-07-27 16:11:59,971 INFO ROUND 6 CLIENT 3 START
2026-07-27 16:12:03,299 WARNING FP16 overflow skipped client=3 round=6 batch=59
2026-07-27 16:12:36,134 INFO ROUND 6 CLIENT 3 END loss=0.611234 sec=36.2
2026-07-27 16:12:36,134 INFO ROUND 6 CLIENT 4 START
2026-07-27 16:12:40,198 WARNING FP16 overflow skipped client=4 round=6 batch=67
2026-07-27 16:13:13,238 INFO ROUND 6 CLIENT 4 END loss=0.603865 sec=37.1
2026-07-27 16:13:13,333 INFO ROUND 6 COMPLETE loss=0.606742 peak=1428.9MiB comm=11796480
2026-07-27 16:13:13,336 INFO ROUND 7 CLIENT 0 START
2026-07-27 16:13:15,531 WARNING FP16 overflow skipped client=0 round=7 batch=35
2026-07-27 16:13:50,198 INFO ROUND 7 CLIENT 0 END loss=0.608251 sec=36.9
2026-07-27 16:13:50,198 INFO ROUND 7 CLIENT 1 START
2026-07-27 16:13:53,170 WARNING FP16 overflow skipped client=1 round=7 batch=51
2026-07-27 16:14:27,056 INFO ROUND 7 CLIENT 1 END loss=0.603944 sec=36.9
2026-07-27 16:14:27,056 INFO ROUND 7 CLIENT 2 START
2026-07-27 16:14:38,762 WARNING FP16 overflow skipped client=2 round=7 batch=199
2026-07-27 16:15:03,600 INFO ROUND 7 CLIENT 2 END loss=0.598514 sec=36.5
2026-07-27 16:15:03,600 INFO ROUND 7 CLIENT 3 START
2026-07-27 16:15:06,879 WARNING FP16 overflow skipped client=3 round=7 batch=55
2026-07-27 16:15:40,790 INFO ROUND 7 CLIENT 3 END loss=0.608912 sec=37.2
2026-07-27 16:15:40,791 INFO ROUND 7 CLIENT 4 START
2026-07-27 16:15:42,383 WARNING FP16 overflow skipped client=4 round=7 batch=27
2026-07-27 16:16:17,516 INFO ROUND 7 CLIENT 4 END loss=0.600766 sec=36.7
2026-07-27 16:16:18,098 INFO ROUND 7 COMPLETE loss=0.604079 peak=1427.2MiB comm=11796480
2026-07-27 16:16:18,100 INFO ROUND 8 CLIENT 0 START
2026-07-27 16:16:19,034 WARNING FP16 overflow skipped client=0 round=8 batch=15
2026-07-27 16:16:55,050 INFO ROUND 8 CLIENT 0 END loss=0.601588 sec=36.9
2026-07-27 16:16:55,051 INFO ROUND 8 CLIENT 1 START
2026-07-27 16:17:05,438 WARNING FP16 overflow skipped client=1 round=8 batch=175
2026-07-27 16:17:31,590 INFO ROUND 8 CLIENT 1 END loss=0.600917 sec=36.5
2026-07-27 16:17:31,590 INFO ROUND 8 CLIENT 2 START
2026-07-27 16:17:33,478 WARNING FP16 overflow skipped client=2 round=8 batch=31
2026-07-27 16:18:08,670 INFO ROUND 8 CLIENT 2 END loss=0.595581 sec=37.1
2026-07-27 16:18:08,671 INFO ROUND 8 CLIENT 3 START
2026-07-27 16:18:12,275 WARNING FP16 overflow skipped client=3 round=8 batch=59
2026-07-27 16:18:45,785 WARNING FP16 overflow skipped client=3 round=8 batch=625
2026-07-27 16:18:45,787 INFO ROUND 8 CLIENT 3 END loss=0.601424 sec=37.1
2026-07-27 16:18:45,787 INFO ROUND 8 CLIENT 4 START
2026-07-27 16:18:46,517 WARNING FP16 overflow skipped client=4 round=8 batch=11
2026-07-27 16:19:22,247 INFO ROUND 8 CLIENT 4 END loss=0.595103 sec=36.5
2026-07-27 16:19:22,374 INFO ROUND 8 COMPLETE loss=0.598924 peak=1416.9MiB comm=11796480
2026-07-27 16:19:22,377 INFO ROUND 9 CLIENT 0 START
2026-07-27 16:19:22,850 WARNING FP16 overflow skipped client=0 round=9 batch=7
2026-07-27 16:19:59,272 INFO ROUND 9 CLIENT 0 END loss=0.602752 sec=36.9
2026-07-27 16:19:59,272 INFO ROUND 9 CLIENT 1 START
2026-07-27 16:20:00,447 WARNING FP16 overflow skipped client=1 round=9 batch=19
2026-07-27 16:20:35,279 INFO ROUND 9 CLIENT 1 END loss=0.594657 sec=36.0
2026-07-27 16:20:35,279 INFO ROUND 9 CLIENT 2 START
2026-07-27 16:20:35,527 WARNING FP16 overflow skipped client=2 round=9 batch=3
2026-07-27 16:21:12,010 INFO ROUND 9 CLIENT 2 END loss=0.592795 sec=36.7
2026-07-27 16:21:12,010 INFO ROUND 9 CLIENT 3 START
2026-07-27 16:21:13,162 WARNING FP16 overflow skipped client=3 round=9 batch=19
2026-07-27 16:21:48,418 INFO ROUND 9 CLIENT 3 END loss=0.596339 sec=36.4
2026-07-27 16:21:48,418 INFO ROUND 9 CLIENT 4 START
2026-07-27 16:21:49,337 WARNING FP16 overflow skipped client=4 round=9 batch=15
2026-07-27 16:22:25,335 INFO ROUND 9 CLIENT 4 END loss=0.593318 sec=36.9
2026-07-27 16:22:25,629 INFO ROUND 9 COMPLETE loss=0.595973 peak=1422.6MiB comm=11796480
2026-07-27 16:22:25,632 INFO ROUND 10 CLIENT 0 START
2026-07-27 16:22:25,891 WARNING FP16 overflow skipped client=0 round=10 batch=3
2026-07-27 16:23:02,662 INFO ROUND 10 CLIENT 0 END loss=0.603373 sec=37.0
2026-07-27 16:23:02,663 INFO ROUND 10 CLIENT 1 START
2026-07-27 16:23:05,366 WARNING FP16 overflow skipped client=1 round=10 batch=43
2026-07-27 16:23:38,956 INFO ROUND 10 CLIENT 1 END loss=0.599512 sec=36.3
2026-07-27 16:23:38,956 INFO ROUND 10 CLIENT 2 START
2026-07-27 16:23:40,352 WARNING FP16 overflow skipped client=2 round=10 batch=23
2026-07-27 16:24:15,392 INFO ROUND 10 CLIENT 2 END loss=0.594459 sec=36.4
2026-07-27 16:24:15,392 INFO ROUND 10 CLIENT 3 START
2026-07-27 16:24:16,733 WARNING FP16 overflow skipped client=3 round=10 batch=23
2026-07-27 16:24:52,100 INFO ROUND 10 CLIENT 3 END loss=0.606006 sec=36.7
2026-07-27 16:24:52,100 INFO ROUND 10 CLIENT 4 START
2026-07-27 16:24:57,284 WARNING FP16 overflow skipped client=4 round=10 batch=87
2026-07-27 16:25:29,015 INFO ROUND 10 CLIENT 4 END loss=0.596586 sec=36.9
2026-07-27 16:25:29,033 INFO ROUND 10 COMPLETE loss=0.599988 peak=1416.9MiB comm=11796480
2026-07-27 16:25:29,033 INFO TRAINING COMPLETE audit=True

