2026-07-27 16:25:32,146 INFO Loading student and frozen global teacher from models/bge-base-en-v1.5
2026-07-27 16:25:32,870 INFO ROUND 1 CLIENT 0 START
2026-07-27 16:26:07,898 WARNING FP16 overflow skipped client=0 round=1 batch=579
2026-07-27 16:26:10,592 INFO ROUND 1 CLIENT 0 END loss=0.664105 sec=37.5
2026-07-27 16:26:10,592 INFO ROUND 1 CLIENT 1 START
2026-07-27 16:26:48,110 WARNING FP16 overflow skipped client=1 round=1 batch=625
2026-07-27 16:26:48,114 INFO ROUND 1 CLIENT 1 END loss=0.656300 sec=37.5
2026-07-27 16:26:48,114 INFO ROUND 1 CLIENT 2 START
2026-07-27 16:26:48,354 WARNING FP16 overflow skipped client=2 round=1 batch=3
2026-07-27 16:27:25,753 INFO ROUND 1 CLIENT 2 END loss=0.658152 sec=37.6
2026-07-27 16:27:25,753 INFO ROUND 1 CLIENT 3 START
2026-07-27 16:28:03,469 INFO ROUND 1 CLIENT 3 END loss=0.657394 sec=37.7
2026-07-27 16:28:03,469 INFO ROUND 1 CLIENT 4 START
2026-07-27 16:28:40,781 INFO ROUND 1 CLIENT 4 END loss=0.656362 sec=37.3
2026-07-27 16:28:40,789 INFO ROUND 1 COMPLETE loss=0.658462 peak=1414.7MiB comm=11796480
2026-07-27 16:28:40,792 INFO ROUND 2 CLIENT 0 START
2026-07-27 16:28:44,368 WARNING FP16 overflow skipped client=0 round=2 batch=59
2026-07-27 16:29:17,870 INFO ROUND 2 CLIENT 0 END loss=0.653108 sec=37.1
2026-07-27 16:29:17,871 INFO ROUND 2 CLIENT 1 START
2026-07-27 16:29:43,109 WARNING FP16 overflow skipped client=1 round=2 batch=423
2026-07-27 16:29:55,128 INFO ROUND 2 CLIENT 1 END loss=0.645768 sec=37.3
2026-07-27 16:29:55,128 INFO ROUND 2 CLIENT 2 START
2026-07-27 16:30:32,737 INFO ROUND 2 CLIENT 2 END loss=0.645030 sec=37.6
2026-07-27 16:30:32,737 INFO ROUND 2 CLIENT 3 START
2026-07-27 16:31:10,052 WARNING FP16 overflow skipped client=3 round=2 batch=625
2026-07-27 16:31:10,054 INFO ROUND 2 CLIENT 3 END loss=0.647965 sec=37.3
2026-07-27 16:31:10,055 INFO ROUND 2 CLIENT 4 START
2026-07-27 16:31:47,088 INFO ROUND 2 CLIENT 4 END loss=0.645900 sec=37.0
2026-07-27 16:31:47,239 INFO ROUND 2 COMPLETE loss=0.647554 peak=1413.6MiB comm=11796480
2026-07-27 16:31:47,242 INFO ROUND 3 CLIENT 0 START
2026-07-27 16:32:24,840 INFO ROUND 3 CLIENT 0 END loss=0.646625 sec=37.6
2026-07-27 16:32:24,840 INFO ROUND 3 CLIENT 1 START
2026-07-27 16:33:02,442 WARNING FP16 overflow skipped client=1 round=3 batch=625
2026-07-27 16:33:02,444 INFO ROUND 3 CLIENT 1 END loss=0.635198 sec=37.6
2026-07-27 16:33:02,445 INFO ROUND 3 CLIENT 2 START
2026-07-27 16:33:39,683 INFO ROUND 3 CLIENT 2 END loss=0.636449 sec=37.2
2026-07-27 16:33:39,683 INFO ROUND 3 CLIENT 3 START
2026-07-27 16:34:16,881 INFO ROUND 3 CLIENT 3 END loss=0.638945 sec=37.2
2026-07-27 16:34:16,881 INFO ROUND 3 CLIENT 4 START
2026-07-27 16:34:26,221 WARNING FP16 overflow skipped client=4 round=3 batch=155
2026-07-27 16:34:53,893 INFO ROUND 3 CLIENT 4 END loss=0.637233 sec=37.0
2026-07-27 16:34:53,916 INFO ROUND 3 COMPLETE loss=0.638890 peak=1414.7MiB comm=11796480
2026-07-27 16:34:53,918 INFO ROUND 4 CLIENT 0 START
2026-07-27 16:35:31,356 INFO ROUND 4 CLIENT 0 END loss=0.635031 sec=37.4
2026-07-27 16:35:31,356 INFO ROUND 4 CLIENT 1 START
2026-07-27 16:35:37,538 WARNING FP16 overflow skipped client=1 round=4 batch=103
2026-07-27 16:36:08,666 INFO ROUND 4 CLIENT 1 END loss=0.626301 sec=37.3
2026-07-27 16:36:08,666 INFO ROUND 4 CLIENT 2 START
2026-07-27 16:36:10,595 WARNING FP16 overflow skipped client=2 round=4 batch=31
2026-07-27 16:36:46,096 INFO ROUND 4 CLIENT 2 END loss=0.625048 sec=37.4
2026-07-27 16:36:46,096 INFO ROUND 4 CLIENT 3 START
2026-07-27 16:36:54,649 WARNING FP16 overflow skipped client=3 round=4 batch=139
2026-07-27 16:37:23,679 INFO ROUND 4 CLIENT 3 END loss=0.632938 sec=37.6
2026-07-27 16:37:23,680 INFO ROUND 4 CLIENT 4 START
2026-07-27 16:37:26,292 WARNING FP16 overflow skipped client=4 round=4 batch=43
2026-07-27 16:38:00,388 INFO ROUND 4 CLIENT 4 END loss=0.626116 sec=36.7
2026-07-27 16:38:00,436 INFO ROUND 4 COMPLETE loss=0.629088 peak=1414.7MiB comm=11796480
2026-07-27 16:38:00,439 INFO ROUND 5 CLIENT 0 START
2026-07-27 16:38:19,551 WARNING FP16 overflow skipped client=0 round=5 batch=319
2026-07-27 16:38:37,695 INFO ROUND 5 CLIENT 0 END loss=0.628099 sec=37.3
2026-07-27 16:38:37,695 INFO ROUND 5 CLIENT 1 START
2026-07-27 16:38:40,095 WARNING FP16 overflow skipped client=1 round=5 batch=39
2026-07-27 16:39:15,069 INFO ROUND 5 CLIENT 1 END loss=0.616052 sec=37.4
2026-07-27 16:39:15,069 INFO ROUND 5 CLIENT 2 START
2026-07-27 16:39:15,279 WARNING FP16 overflow skipped client=2 round=5 batch=3
2026-07-27 16:39:52,461 INFO ROUND 5 CLIENT 2 END loss=0.618860 sec=37.4
2026-07-27 16:39:52,461 INFO ROUND 5 CLIENT 3 START
2026-07-27 16:40:29,900 INFO ROUND 5 CLIENT 3 END loss=0.620367 sec=37.4
2026-07-27 16:40:29,900 INFO ROUND 5 CLIENT 4 START
2026-07-27 16:40:34,457 WARNING FP16 overflow skipped client=4 round=5 batch=75
2026-07-27 16:41:07,644 INFO ROUND 5 CLIENT 4 END loss=0.616187 sec=37.7
2026-07-27 16:41:08,307 INFO ROUND 5 COMPLETE loss=0.619913 peak=1414.7MiB comm=11796480
2026-07-27 16:41:08,312 INFO ROUND 6 CLIENT 0 START
2026-07-27 16:41:18,644 WARNING FP16 overflow skipped client=0 round=6 batch=171
2026-07-27 16:41:45,040 INFO ROUND 6 CLIENT 0 END loss=0.618496 sec=36.7
2026-07-27 16:41:45,040 INFO ROUND 6 CLIENT 1 START
2026-07-27 16:41:45,259 WARNING FP16 overflow skipped client=1 round=6 batch=3
2026-07-27 16:42:22,496 INFO ROUND 6 CLIENT 1 END loss=0.611800 sec=37.5
2026-07-27 16:42:22,496 INFO ROUND 6 CLIENT 2 START
2026-07-27 16:42:42,076 WARNING FP16 overflow skipped client=2 round=6 batch=323
2026-07-27 16:43:00,060 INFO ROUND 6 CLIENT 2 END loss=0.609738 sec=37.6
2026-07-27 16:43:00,060 INFO ROUND 6 CLIENT 3 START
2026-07-27 16:43:01,304 WARNING FP16 overflow skipped client=3 round=6 batch=19
2026-07-27 16:43:37,287 INFO ROUND 6 CLIENT 3 END loss=0.618809 sec=37.2
2026-07-27 16:43:37,287 INFO ROUND 6 CLIENT 4 START
2026-07-27 16:43:37,526 WARNING FP16 overflow skipped client=4 round=6 batch=3
2026-07-27 16:44:14,462 WARNING FP16 overflow skipped client=4 round=6 batch=624
2026-07-27 16:44:14,465 INFO ROUND 6 CLIENT 4 END loss=0.609318 sec=37.2
2026-07-27 16:44:14,517 INFO ROUND 6 COMPLETE loss=0.613634 peak=1414.7MiB comm=11796480
2026-07-27 16:44:14,521 INFO ROUND 7 CLIENT 0 START
2026-07-27 16:44:22,423 WARNING FP16 overflow skipped client=0 round=7 batch=131
2026-07-27 16:44:52,138 INFO ROUND 7 CLIENT 0 END loss=0.620018 sec=37.6
2026-07-27 16:44:52,138 INFO ROUND 7 CLIENT 1 START
2026-07-27 16:44:54,443 WARNING FP16 overflow skipped client=1 round=7 batch=39
2026-07-27 16:45:29,525 INFO ROUND 7 CLIENT 1 END loss=0.602539 sec=37.4
2026-07-27 16:45:29,525 INFO ROUND 7 CLIENT 2 START
2026-07-27 16:45:31,221 WARNING FP16 overflow skipped client=2 round=7 batch=27
2026-07-27 16:46:07,267 INFO ROUND 7 CLIENT 2 END loss=0.612793 sec=37.7
2026-07-27 16:46:07,268 INFO ROUND 7 CLIENT 3 START
2026-07-27 16:46:09,241 WARNING FP16 overflow skipped client=3 round=7 batch=31
2026-07-27 16:46:43,743 INFO ROUND 7 CLIENT 3 END loss=0.622808 sec=36.5
2026-07-27 16:46:43,743 INFO ROUND 7 CLIENT 4 START
2026-07-27 16:46:43,974 WARNING FP16 overflow skipped client=4 round=7 batch=3
2026-07-27 16:47:21,169 WARNING FP16 overflow skipped client=4 round=7 batch=624
2026-07-27 16:47:21,172 INFO ROUND 7 CLIENT 4 END loss=0.605163 sec=37.4
2026-07-27 16:47:21,195 INFO ROUND 7 COMPLETE loss=0.612665 peak=1414.7MiB comm=11796480
2026-07-27 16:47:21,198 INFO ROUND 8 CLIENT 0 START
2026-07-27 16:47:21,936 WARNING FP16 overflow skipped client=0 round=8 batch=11
2026-07-27 16:47:58,967 INFO ROUND 8 CLIENT 0 END loss=0.622739 sec=37.8
2026-07-27 16:47:58,967 INFO ROUND 8 CLIENT 1 START
2026-07-27 16:47:59,198 WARNING FP16 overflow skipped client=1 round=8 batch=3
2026-07-27 16:48:35,748 INFO ROUND 8 CLIENT 1 END loss=0.610201 sec=36.8
2026-07-27 16:48:35,748 INFO ROUND 8 CLIENT 2 START
2026-07-27 16:48:36,233 WARNING FP16 overflow skipped client=2 round=8 batch=7
2026-07-27 16:49:13,182 INFO ROUND 8 CLIENT 2 END loss=0.612388 sec=37.4
2026-07-27 16:49:13,183 INFO ROUND 8 CLIENT 3 START
2026-07-27 16:49:13,429 WARNING FP16 overflow skipped client=3 round=8 batch=3
2026-07-27 16:49:50,284 INFO ROUND 8 CLIENT 3 END loss=0.618826 sec=37.1
2026-07-27 16:49:50,284 INFO ROUND 8 CLIENT 4 START
2026-07-27 16:49:51,713 WARNING FP16 overflow skipped client=4 round=8 batch=23
2026-07-27 16:50:27,369 INFO ROUND 8 CLIENT 4 END loss=0.609344 sec=37.1
2026-07-27 16:50:27,381 INFO ROUND 8 COMPLETE loss=0.614700 peak=1414.7MiB comm=11796480
2026-07-27 16:50:27,383 INFO ROUND 9 CLIENT 0 START
2026-07-27 16:50:27,867 WARNING FP16 overflow skipped client=0 round=9 batch=7
2026-07-27 16:51:04,842 INFO ROUND 9 CLIENT 0 END loss=0.621957 sec=37.5
2026-07-27 16:51:04,842 INFO ROUND 9 CLIENT 1 START
2026-07-27 16:51:05,299 WARNING FP16 overflow skipped client=1 round=9 batch=7
2026-07-27 16:51:42,573 INFO ROUND 9 CLIENT 1 END loss=0.609259 sec=37.7
2026-07-27 16:51:42,574 INFO ROUND 9 CLIENT 2 START
2026-07-27 16:51:42,832 WARNING FP16 overflow skipped client=2 round=9 batch=3
2026-07-27 16:52:20,046 INFO ROUND 9 CLIENT 2 END loss=0.610507 sec=37.5
2026-07-27 16:52:20,046 INFO ROUND 9 CLIENT 3 START
2026-07-27 16:52:20,729 WARNING FP16 overflow skipped client=3 round=9 batch=11
2026-07-27 16:52:57,898 INFO ROUND 9 CLIENT 3 END loss=0.622211 sec=37.8
2026-07-27 16:52:57,899 INFO ROUND 9 CLIENT 4 START
2026-07-27 16:52:59,854 WARNING FP16 overflow skipped client=4 round=9 batch=31
2026-07-27 16:53:35,176 INFO ROUND 9 CLIENT 4 END loss=0.608560 sec=37.3
2026-07-27 16:53:35,189 INFO ROUND 9 COMPLETE loss=0.614500 peak=1414.7MiB comm=11796480
2026-07-27 16:53:35,191 INFO ROUND 10 CLIENT 0 START
2026-07-27 16:53:36,861 WARNING FP16 overflow skipped client=0 round=10 batch=27
2026-07-27 16:54:12,766 INFO ROUND 10 CLIENT 0 END loss=0.630086 sec=37.6
2026-07-27 16:54:12,766 INFO ROUND 10 CLIENT 1 START
2026-07-27 16:54:13,221 WARNING FP16 overflow skipped client=1 round=10 batch=7
2026-07-27 16:54:50,030 INFO ROUND 10 CLIENT 1 END loss=0.615705 sec=37.3
2026-07-27 16:54:50,030 INFO ROUND 10 CLIENT 2 START
2026-07-27 16:54:51,731 WARNING FP16 overflow skipped client=2 round=10 batch=27
2026-07-27 16:55:27,009 INFO ROUND 10 CLIENT 2 END loss=0.617144 sec=37.0
2026-07-27 16:55:27,009 INFO ROUND 10 CLIENT 3 START
2026-07-27 16:55:27,245 WARNING FP16 overflow skipped client=3 round=10 batch=3
2026-07-27 16:55:28,451 WARNING FP16 overflow skipped client=3 round=10 batch=23
2026-07-27 16:56:04,598 INFO ROUND 10 CLIENT 3 END loss=0.625417 sec=37.6
2026-07-27 16:56:04,598 INFO ROUND 10 CLIENT 4 START
2026-07-27 16:56:05,292 WARNING FP16 overflow skipped client=4 round=10 batch=11
2026-07-27 16:56:42,292 INFO ROUND 10 CLIENT 4 END loss=0.619175 sec=37.7
2026-07-27 16:56:42,305 INFO ROUND 10 COMPLETE loss=0.621505 peak=1414.7MiB comm=11796480
2026-07-27 16:56:42,305 INFO TRAINING COMPLETE audit=True

